MPLINK 4.48, Linker
Linker Map File - Created Mon Sep 15 19:25:12 2014

                                 Section Info
                  Section       Type    Address   Location Size(Bytes)
                ---------  ---------  ---------  ---------  ---------
               _entry_scn       code   0x000000    program   0x000006
           .code___init.o       code   0x000006    program   0x000002
              high_vector       code   0x000008    program   0x000020
                   .cinit    romdata   0x000028    program   0x000062
              .code_MMD.o       code   0x00008a    program   0x001976
    .code_communication.o       code   0x001a00    program   0x0006a6
              .code_app.o       code   0x0020a6    program   0x00063e
           .romdata_MMD.o    romdata   0x0026e4    program   0x0003bc
      .code_uart_driver.o       code   0x002aa0    program   0x0002fe
            .code_timer.o       code   0x002d9e    program   0x00021a
        .code_utilities.o       code   0x002fb8    program   0x0001e4
             .code_main.o       code   0x00319c    program   0x0000bc
               _cinit_scn       code   0x003258    program   0x00009e
                   STRING       code   0x0032f6    program   0x000092
            .code_uopen.o       code   0x003388    program   0x00008a
            .code_board.o       code   0x003412    program   0x000044
           .code_t1open.o       code   0x003456    program   0x000042
            .code_uread.o       code   0x003498    program   0x00003e
          .code_t1write.o       code   0x0034d6    program   0x000038
          .code_t0write.o       code   0x00350e    program   0x000038
           .code_t0open.o       code   0x003546    program   0x000038
                    .code       code   0x00357e    program   0x000020
        .code_heartBeat.o       code   0x00359e    program   0x00001e
             _startup_scn       code   0x0035bc    program   0x00001c
         .code_fxd0808u.o       code   0x0035d8    program   0x00001c
              D10TCYXCODE       code   0x0035f4    program   0x000016
               uartdata_i    romdata   0x00360a    program   0x00007e
               COM_DATA_i    romdata   0x003688    program   0x00008c
         .romdata_udefs.o    romdata   0x003714    program   0x000000
   .idata_uart_driver.o_i    romdata   0x003714    program   0x000000
   .romdata_uart_driver.o    romdata   0x003714    program   0x000000
         .idata_udefs.o_i    romdata   0x003714    program   0x000000
         .romdata_uread.o    romdata   0x003714    program   0x000000
        .romdata___init.o    romdata   0x003714    program   0x000000
         .idata_uread.o_i    romdata   0x003714    program   0x000000
     .idata_utilities.o_i    romdata   0x003714    program   0x000000
     .romdata_utilities.o    romdata   0x003714    program   0x000000
       .romdata_t1write.o    romdata   0x003714    program   0x000000
       .romdata_t0write.o    romdata   0x003714    program   0x000000
      .romdata_fxd0808u.o    romdata   0x003714    program   0x000000
         .romdata_uopen.o    romdata   0x003714    program   0x000000
        .romdata_t0open.o    romdata   0x003714    program   0x000000
         .idata_uopen.o_i    romdata   0x003714    program   0x000000
        .romdata_t1open.o    romdata   0x003714    program   0x000000
         .romdata_c018i.o    romdata   0x003714    program   0x000000
           .romdata_app.o    romdata   0x003714    program   0x000000
             .stringtable    romdata   0x003714    program   0x000000
         .romdata_board.o    romdata   0x003714    program   0x000000
     .romdata_heartBeat.o    romdata   0x003714    program   0x000000
.romdata_interruptvector.o    romdata   0x003714    program   0x000000
          .romdata_main.o    romdata   0x003714    program   0x000000
         .romdata_timer.o    romdata   0x003714    program   0x000000
         .idata_timer.o_i    romdata   0x003714    program   0x000010
 .romdata_communication.o    romdata   0x003714    program   0x000000
       .idata_t1write.o_i    romdata   0x003724    program   0x000000
        .idata_t0open.o_i    romdata   0x003724    program   0x000000
        .idata_t1open.o_i    romdata   0x003724    program   0x000000
       .idata_t0write.o_i    romdata   0x003724    program   0x000000
          .idata_main.o_i    romdata   0x003724    program   0x00000b
     .idata_heartBeat.o_i    romdata   0x00372f    program   0x000001
.idata_interruptvector.o_i    romdata   0x00372f    program   0x000000
 .idata_communication.o_i    romdata   0x003730    program   0x000002
      .idata_fxd0808u.o_i    romdata   0x003730    program   0x000000
           .idata_app.o_i    romdata   0x003732    program   0x00005c
         .idata_board.o_i    romdata   0x003732    program   0x000000
         .idata_c018i.o_i    romdata   0x003732    program   0x000000
           .idata_MMD.o_i    romdata   0x00378e    program   0x000001
        .idata___init.o_i    romdata   0x00378e    program   0x000000
  .code_interruptvector.o       code   0x003790    program   0x000000
            .code_c018i.o       code   0x003790    program   0x000000
            .code_udefs.o       code   0x003790    program   0x000000
    .config_300001_main.o    romdata   0x300001    program   0x000001
    .config_300002_main.o    romdata   0x300002    program   0x000001
    .config_300003_main.o    romdata   0x300003    program   0x000001
    .config_300005_main.o    romdata   0x300005    program   0x000001
    .config_300006_main.o    romdata   0x300006    program   0x000001
    .config_300008_main.o    romdata   0x300008    program   0x000001
    .config_300009_main.o    romdata   0x300009    program   0x000001
    .config_30000a_main.o    romdata   0x30000a    program   0x000001
    .config_30000b_main.o    romdata   0x30000b    program   0x000001
    .config_30000c_main.o    romdata   0x30000c    program   0x000001
    .config_30000d_main.o    romdata   0x30000d    program   0x000001
                MATH_DATA      udata   0x000000       data   0x000010
                 .tmpdata      udata   0x000010       data   0x00000a
            .idata_main.o      idata   0x000080       data   0x00000b
           .udata_c018i.o      udata   0x00008b       data   0x00000a
                 COM_DATA      idata   0x000100       data   0x00008c
             .idata_app.o      idata   0x00018c       data   0x00005c
           .idata_timer.o      idata   0x0001e8       data   0x000010
   .idata_communication.o      idata   0x0001f8       data   0x000002
           .udata_udefs.o      udata   0x0001fa       data   0x000001
           .udata_board.o      udata   0x0001fb       data   0x000001
       .idata_heartBeat.o      idata   0x0001fc       data   0x000001
             .idata_MMD.o      idata   0x0001fd       data   0x000001
        .udata_fxd0808u.o      udata   0x0001fe       data   0x000000
        .idata_fxd0808u.o      idata   0x0001fe       data   0x000000
          .udata_t0open.o      udata   0x0001fe       data   0x000000
          .idata_t0open.o      idata   0x0001fe       data   0x000000
          .udata_t1open.o      udata   0x0001fe       data   0x000000
          .idata_t1open.o      idata   0x0001fe       data   0x000000
           .udata_uopen.o      udata   0x0001fe       data   0x000000
           .idata_uopen.o      idata   0x0001fe       data   0x000000
           .udata_uread.o      udata   0x0001fe       data   0x000000
           .idata_uread.o      idata   0x0001fe       data   0x000000
           .idata_udefs.o      idata   0x0001fe       data   0x000000
         .udata_t0write.o      udata   0x0001fe       data   0x000000
         .idata_t0write.o      idata   0x0001fe       data   0x000000
         .udata_t1write.o      udata   0x0001fe       data   0x000000
         .idata_t1write.o      idata   0x0001fe       data   0x000000
          .udata___init.o      udata   0x0001fe       data   0x000000
          .idata___init.o      idata   0x0001fe       data   0x000000
           .idata_c018i.o      idata   0x0001fe       data   0x000000
             .udata_app.o      udata   0x0001fe       data   0x000000
           .idata_board.o      idata   0x0001fe       data   0x000000
       .udata_heartBeat.o      udata   0x0001fe       data   0x000000
 .udata_interruptvector.o      udata   0x0001fe       data   0x000000
 .idata_interruptvector.o      idata   0x0001fe       data   0x000000
            .udata_main.o      udata   0x0001fe       data   0x000000
             .udata_MMD.o      udata   0x0001fe       data   0x000000
           .udata_timer.o      udata   0x0001fe       data   0x000000
   .udata_communication.o      udata   0x0001fe       data   0x000000
     .udata_uart_driver.o      udata   0x0001fe       data   0x000000
     .idata_uart_driver.o      idata   0x0001fe       data   0x000000
       .udata_utilities.o      udata   0x0001fe       data   0x000000
       .idata_utilities.o      idata   0x0001fe       data   0x000000
                 uartdata      idata   0x000200       data   0x00007e
                 app_data      udata   0x000400       data   0x000010
                 MMD_DATA      udata   0x000500       data   0x00008b
                   .stack      udata   0x000d00       data   0x000100
            SFR_UNBANKED0      udata   0x000f80       data   0x000080



                              Program Memory Usage 
                               Start         End      
                           ---------   ---------      
                            0x000000    0x00378e      
                            0x300001    0x300003      
                            0x300005    0x300006      
                            0x300008    0x30000d      
            14234 out of 66584 program addresses used, program memory utilization is 21%



                              Symbols - Sorted by Name
                     Name    Address   Location    Storage File                     
                ---------  ---------  ---------  --------- ---------                
          APP_comCallBack   0x00247a    program     extern C:\Users\Nitty\Desktop\MMD_v2\source\app.c
                 APP_init   0x0020a6    program     extern C:\Users\Nitty\Desktop\MMD_v2\source\app.c
                 APP_task   0x002190    program     extern C:\Users\Nitty\Desktop\MMD_v2\source\app.c
                 BCDtoBin   0x0030b0    program     extern C:\Users\Nitty\Desktop\MMD_v2\source\utilities.c
                 BRD_init   0x003412    program     extern C:\Users\Nitty\Desktop\MMD_v2\source\board.c
                 BinToBCD   0x0030e4    program     extern C:\Users\Nitty\Desktop\MMD_v2\source\utilities.c
                 COM_init   0x001a00    program     extern C:\Users\Nitty\Desktop\MMD_v2\source\communication.c
                COM_reset   0x001a68    program     extern C:\Users\Nitty\Desktop\MMD_v2\source\communication.c
              COM_restart   0x001a36    program     extern C:\Users\Nitty\Desktop\MMD_v2\source\communication.c
                 COM_task   0x001a96    program     extern C:\Users\Nitty\Desktop\MMD_v2\source\communication.c
                COM_txCMD   0x001e86    program     extern C:\Users\Nitty\Desktop\MMD_v2\source\communication.c
               COM_txData   0x001d48    program     extern C:\Users\Nitty\Desktop\MMD_v2\source\communication.c
                COM_txStr   0x001dd8    program     extern C:\Users\Nitty\Desktop\MMD_v2\source\communication.c
           ConvertBCD2HEX   0x002fb8    program     extern C:\Users\Nitty\Desktop\MMD_v2\source\utilities.c
                    D10_1   0x003604    program     static E:\c18v3.46\pic18-lt\cxx-framework\src\traditional\delays\d10tcyx.asm
                     D10x   0x0035fc    program     static E:\c18v3.46\pic18-lt\cxx-framework\src\traditional\delays\d10tcyx.asm
              Delay10TCYx   0x0035f4    program     extern E:\c18v3.46\pic18-lt\cxx-framework\src\traditional\delays\d10tcyx.asm
         EnableInterrupts   0x000022    program     extern C:\Users\Nitty\Desktop\MMD_v2\source\interruptvector.c
                 FXD0808U   0x0035d8    program     extern E:\c18v3.46\pic18-lt\cxx-framework\src\traditional\math\fxd0808u.c
             FontTable5x7   0x0026e4    program     extern C:\Users\Nitty\Desktop\MMD_v2\source\MMD.c
                  HB_init   0x00359e    program     extern C:\Users\Nitty\Desktop\MMD_v2\source\heartBeat.c
                  HB_task   0x0035a4    program     extern C:\Users\Nitty\Desktop\MMD_v2\source\heartBeat.c
                  HEX2BCD   0x00304a    program     extern C:\Users\Nitty\Desktop\MMD_v2\source\utilities.c
         MMD_changeSymbol   0x000b8a    program     extern C:\Users\Nitty\Desktop\MMD_v2\source\MMD.c
         MMD_clearSegment   0x000d60    program     extern C:\Users\Nitty\Desktop\MMD_v2\source\MMD.c
        MMD_configSegment   0x00039e    program     extern C:\Users\Nitty\Desktop\MMD_v2\source\MMD.c
                 MMD_init   0x000138    program     extern C:\Users\Nitty\Desktop\MMD_v2\source\MMD.c
       MMD_refreshDisplay   0x00172c    program     extern C:\Users\Nitty\Desktop\MMD_v2\source\MMD.c
       MMD_setScrollSpeed   0x000b32    program     extern C:\Users\Nitty\Desktop\MMD_v2\source\MMD.c
                 MMD_task   0x000fa2    program     extern C:\Users\Nitty\Desktop\MMD_v2\source\MMD.c
               OpenTimer0   0x003546    program     extern E:\c18v3.46\pic18-lt\cxx-framework\src\pmc_common\Timers\t0open.c
               OpenTimer1   0x003456    program     extern E:\c18v3.46\pic18-lt\cxx-framework\src\pmc_common\Timers\t1open.c
                OpenUSART   0x003388    program     extern E:\c18v3.46\pic18-lt\cxx-framework\src\pmc_common\USART\uopen.c
                ReadUSART   0x003498    program     extern E:\c18v3.46\pic18-lt\cxx-framework\src\pmc_common\USART\uread.c
                 TMR0_ISR   0x002d9e    program     extern C:\Users\Nitty\Desktop\MMD_v2\source\timer.c
                TMR0_init   0x002f2a    program     extern C:\Users\Nitty\Desktop\MMD_v2\source\timer.c
                 TMR1_ISR   0x002e70    program     extern C:\Users\Nitty\Desktop\MMD_v2\source\timer.c
                TMR1_init   0x002f70    program     extern C:\Users\Nitty\Desktop\MMD_v2\source\timer.c
             UART_hasData   0x002d0c    program     extern C:\Users\Nitty\Desktop\MMD_v2\source\uart_driver.c
                UART_init   0x002bf4    program     extern C:\Users\Nitty\Desktop\MMD_v2\source\uart_driver.c
                UART_read   0x002d46    program     extern C:\Users\Nitty\Desktop\MMD_v2\source\uart_driver.c
            UART_transmit   0x002c68    program     extern C:\Users\Nitty\Desktop\MMD_v2\source\uart_driver.c
               UART_write   0x002c2a    program     extern C:\Users\Nitty\Desktop\MMD_v2\source\uart_driver.c
     UTL_binaryToBCDASCII   0x00312c    program     extern C:\Users\Nitty\Desktop\MMD_v2\source\utilities.c
       UartReceiveHandler   0x002aa0    program     extern C:\Users\Nitty\Desktop\MMD_v2\source\uart_driver.c
      UartTransmitHandler   0x002b6e    program     extern C:\Users\Nitty\Desktop\MMD_v2\source\uart_driver.c
       WriteDataToDisplay   0x0019b0    program     extern C:\Users\Nitty\Desktop\MMD_v2\source\MMD.c
              WriteTimer0   0x00350e    program     extern E:\c18v3.46\pic18-lt\cxx-framework\src\pmc_common\Timers\t0write.c
              WriteTimer1   0x0034d6    program     extern E:\c18v3.46\pic18-lt\cxx-framework\src\pmc_common\Timers\t1write.c
              _2jContinue   0x003316    program     static E:\c18v3.46\pic18-lt\cxx-framework\src\traditional\stdclib\memset.asm
                   _3jEnd   0x003320    program     static E:\c18v3.46\pic18-lt\cxx-framework\src\traditional\stdclib\memset.asm
        _D10TCYXCODE_000A   0x0035fe    program     static E:\c18v3.46\pic18-lt\cxx-framework\src\traditional\delays\d10tcyx.asm
        _D10TCYXCODE_000C   0x003600    program     static E:\c18v3.46\pic18-lt\cxx-framework\src\traditional\delays\d10tcyx.asm
        _D10TCYXCODE_000E   0x003602    program     static E:\c18v3.46\pic18-lt\cxx-framework\src\traditional\delays\d10tcyx.asm
          ___for_lbl00035   0x001da8    program     static                          
          ___for_lbl00036   0x001dae    program     static                          
          ___for_lbl00037   0x001d7e    program     static                          
           ___if_lbl00001   0x000010    program     static                          
           ___if_lbl00002   0x000018    program     static                          
           ___if_lbl00003   0x00320e    program     static                          
           ___if_lbl00003   0x000020    program     static                          
           ___if_lbl00004   0x003224    program     static                          
           ___if_lbl00005   0x00323c    program     static                          
       ___return_lbl00000   0x000004    program     static                          
       ___return_lbl00000   0x0035f2    program     static                          
       ___return_lbl00000   0x000020    program     static                          
       ___return_lbl00000   0x003244    program     static                          
       ___return_lbl00001   0x0035d6    program     static                          
       ___return_lbl00002   0x0032f4    program     static                          
       ___return_lbl00034   0x001dc4    program     static                          
        ___while_lbl00001   0x0031f6    program     static                          
        ___while_lbl00002   0x003244    program     static                          
               __config_0   0x300001    program     static C:\Users\Nitty\Desktop\MMD_v2\source\main.c
               __config_1   0x300002    program     static C:\Users\Nitty\Desktop\MMD_v2\source\main.c
              __config_10   0x30000d    program     static C:\Users\Nitty\Desktop\MMD_v2\source\main.c
               __config_2   0x300003    program     static C:\Users\Nitty\Desktop\MMD_v2\source\main.c
               __config_3   0x300005    program     static C:\Users\Nitty\Desktop\MMD_v2\source\main.c
               __config_4   0x300006    program     static C:\Users\Nitty\Desktop\MMD_v2\source\main.c
               __config_5   0x300008    program     static C:\Users\Nitty\Desktop\MMD_v2\source\main.c
               __config_6   0x300009    program     static C:\Users\Nitty\Desktop\MMD_v2\source\main.c
               __config_7   0x30000a    program     static C:\Users\Nitty\Desktop\MMD_v2\source\main.c
               __config_8   0x30000b    program     static C:\Users\Nitty\Desktop\MMD_v2\source\main.c
               __config_9   0x30000c    program     static C:\Users\Nitty\Desktop\MMD_v2\source\main.c
                   __init   0x000006    program     extern E:\c18v3.46\pic18-lt\cxx-framework\src\traditional\stdclib\__init.c
            __zero_memory   0x00357e    program     extern E:\c18v3.46\pic18-lt\cxx-framework\src\traditional\proc\p18f4620.asm
                _do_cinit   0x003258    program     extern E:\c18v3.46\pic18-lt\cxx-framework\src\traditional\startup\c018i.c
                   _entry   0x000000    program     extern E:\c18v3.46\pic18-lt\cxx-framework\src\traditional\startup\c018i.c
                 _startup   0x0035bc    program     extern E:\c18v3.46\pic18-lt\cxx-framework\src\traditional\startup\c018i.c
                 checksum   0x001e22    program     extern C:\Users\Nitty\Desktop\MMD_v2\source\communication.c
                 clearBit   0x000100    program     static C:\Users\Nitty\Desktop\MMD_v2\source\MMD.c
                compare_l   0x003594    program     static E:\c18v3.46\pic18-lt\cxx-framework\src\traditional\proc\p18f4620.asm
             copySrcToDst   0x002686    program     extern C:\Users\Nitty\Desktop\MMD_v2\source\app.c
                copy_loop   0x0032ca    program     static                          
            copy_one_byte   0x0032d0    program     static                          
                     done   0x0032f4    program     static                          
             done_copying   0x0032de    program     static                          
                  endloop   0x0035ee    program     static                          
                   getBit   0x00008a    program     static C:\Users\Nitty\Desktop\MMD_v2\source\MMD.c
           high_interrupt   0x000008    program     extern C:\Users\Nitty\Desktop\MMD_v2\source\interruptvector.c
                     jEnd   0x003386    program     static E:\c18v3.46\pic18-lt\cxx-framework\src\traditional\stdclib\strlen.asm
                     jEnd   0x003328    program     static E:\c18v3.46\pic18-lt\cxx-framework\src\traditional\stdclib\memset.asm
                    jLoop   0x00337c    program     static E:\c18v3.46\pic18-lt\cxx-framework\src\traditional\stdclib\strlen.asm
                    jLoop   0x003352    program     static E:\c18v3.46\pic18-lt\cxx-framework\src\traditional\stdclib\strcpy.asm
                    jLoop   0x00330a    program     static E:\c18v3.46\pic18-lt\cxx-framework\src\traditional\stdclib\memset.asm
         leftBitPackTable   0x002a92    program     extern C:\Users\Nitty\Desktop\MMD_v2\source\MMD.c
                     loop   0x0035cc    program     static                          
                     loop   0x0035e0    program     static                          
                   loop_h   0x00358c    program     static E:\c18v3.46\pic18-lt\cxx-framework\src\traditional\proc\p18f4620.asm
                   loop_l   0x003596    program     static E:\c18v3.46\pic18-lt\cxx-framework\src\traditional\proc\p18f4620.asm
                     main   0x00319c    program     extern C:\Users\Nitty\Desktop\MMD_v2\source\main.c
                   memset   0x0032f6    program     extern E:\c18v3.46\pic18-lt\cxx-framework\src\traditional\stdclib\memset.asm
              parsePacket   0x001ca8    program     extern C:\Users\Nitty\Desktop\MMD_v2\source\communication.c
             resetSegment   0x002624    program     extern C:\Users\Nitty\Desktop\MMD_v2\source\app.c
        rightBitPackTable   0x002a84    program     extern C:\Users\Nitty\Desktop\MMD_v2\source\MMD.c
                   setBit   0x0000ca    program     static C:\Users\Nitty\Desktop\MMD_v2\source\MMD.c
                   strcpy   0x00332a    program     extern E:\c18v3.46\pic18-lt\cxx-framework\src\traditional\stdclib\strcpy.asm
                   strlen   0x00336c    program     extern E:\c18v3.46\pic18-lt\cxx-framework\src\traditional\stdclib\strlen.asm
                     test   0x003272    program     static                          
               zero_block   0x00358c    program     static E:\c18v3.46\pic18-lt\cxx-framework\src\traditional\proc\p18f4620.asm
                   ADCON0   0x000fc2       data     extern E:\c18v3.46\pic18-lt\cxx-framework\src\traditional\proc\p18f4620.asm
               ADCON0bits   0x000fc2       data     extern E:\c18v3.46\pic18-lt\cxx-framework\src\traditional\proc\p18f4620.asm
                   ADCON1   0x000fc1       data     extern E:\c18v3.46\pic18-lt\cxx-framework\src\traditional\proc\p18f4620.asm
               ADCON1bits   0x000fc1       data     extern E:\c18v3.46\pic18-lt\cxx-framework\src\traditional\proc\p18f4620.asm
                   ADCON2   0x000fc0       data     extern E:\c18v3.46\pic18-lt\cxx-framework\src\traditional\proc\p18f4620.asm
               ADCON2bits   0x000fc0       data     extern E:\c18v3.46\pic18-lt\cxx-framework\src\traditional\proc\p18f4620.asm
                    ADRES   0x000fc3       data     extern E:\c18v3.46\pic18-lt\cxx-framework\src\traditional\proc\p18f4620.asm
                   ADRESH   0x000fc4       data     extern E:\c18v3.46\pic18-lt\cxx-framework\src\traditional\proc\p18f4620.asm
                   ADRESL   0x000fc3       data     extern E:\c18v3.46\pic18-lt\cxx-framework\src\traditional\proc\p18f4620.asm
                  BAUDCON   0x000fb8       data     extern E:\c18v3.46\pic18-lt\cxx-framework\src\traditional\proc\p18f4620.asm
              BAUDCONbits   0x000fb8       data     extern E:\c18v3.46\pic18-lt\cxx-framework\src\traditional\proc\p18f4620.asm
                  BAUDCTL   0x000fb8       data     extern E:\c18v3.46\pic18-lt\cxx-framework\src\traditional\proc\p18f4620.asm
              BAUDCTLbits   0x000fb8       data     extern E:\c18v3.46\pic18-lt\cxx-framework\src\traditional\proc\p18f4620.asm
                      BSR   0x000fe0       data     extern E:\c18v3.46\pic18-lt\cxx-framework\src\traditional\proc\p18f4620.asm
                  CCP1CON   0x000fbd       data     extern E:\c18v3.46\pic18-lt\cxx-framework\src\traditional\proc\p18f4620.asm
              CCP1CONbits   0x000fbd       data     extern E:\c18v3.46\pic18-lt\cxx-framework\src\traditional\proc\p18f4620.asm
                  CCP2CON   0x000fba       data     extern E:\c18v3.46\pic18-lt\cxx-framework\src\traditional\proc\p18f4620.asm
              CCP2CONbits   0x000fba       data     extern E:\c18v3.46\pic18-lt\cxx-framework\src\traditional\proc\p18f4620.asm
                    CCPR1   0x000fbe       data     extern E:\c18v3.46\pic18-lt\cxx-framework\src\traditional\proc\p18f4620.asm
                   CCPR1H   0x000fbf       data     extern E:\c18v3.46\pic18-lt\cxx-framework\src\traditional\proc\p18f4620.asm
                   CCPR1L   0x000fbe       data     extern E:\c18v3.46\pic18-lt\cxx-framework\src\traditional\proc\p18f4620.asm
                    CCPR2   0x000fbb       data     extern E:\c18v3.46\pic18-lt\cxx-framework\src\traditional\proc\p18f4620.asm
                   CCPR2H   0x000fbc       data     extern E:\c18v3.46\pic18-lt\cxx-framework\src\traditional\proc\p18f4620.asm
                   CCPR2L   0x000fbb       data     extern E:\c18v3.46\pic18-lt\cxx-framework\src\traditional\proc\p18f4620.asm
                    CMCON   0x000fb4       data     extern E:\c18v3.46\pic18-lt\cxx-framework\src\traditional\proc\p18f4620.asm
                CMCONbits   0x000fb4       data     extern E:\c18v3.46\pic18-lt\cxx-framework\src\traditional\proc\p18f4620.asm
                   CVRCON   0x000fb5       data     extern E:\c18v3.46\pic18-lt\cxx-framework\src\traditional\proc\p18f4620.asm
               CVRCONbits   0x000fb5       data     extern E:\c18v3.46\pic18-lt\cxx-framework\src\traditional\proc\p18f4620.asm
                     DDRA   0x000f92       data     extern E:\c18v3.46\pic18-lt\cxx-framework\src\traditional\proc\p18f4620.asm
                 DDRAbits   0x000f92       data     extern E:\c18v3.46\pic18-lt\cxx-framework\src\traditional\proc\p18f4620.asm
                     DDRB   0x000f93       data     extern E:\c18v3.46\pic18-lt\cxx-framework\src\traditional\proc\p18f4620.asm
                 DDRBbits   0x000f93       data     extern E:\c18v3.46\pic18-lt\cxx-framework\src\traditional\proc\p18f4620.asm
                     DDRC   0x000f94       data     extern E:\c18v3.46\pic18-lt\cxx-framework\src\traditional\proc\p18f4620.asm
                 DDRCbits   0x000f94       data     extern E:\c18v3.46\pic18-lt\cxx-framework\src\traditional\proc\p18f4620.asm
                     DDRD   0x000f95       data     extern E:\c18v3.46\pic18-lt\cxx-framework\src\traditional\proc\p18f4620.asm
                 DDRDbits   0x000f95       data     extern E:\c18v3.46\pic18-lt\cxx-framework\src\traditional\proc\p18f4620.asm
                     DDRE   0x000f96       data     extern E:\c18v3.46\pic18-lt\cxx-framework\src\traditional\proc\p18f4620.asm
                 DDREbits   0x000f96       data     extern E:\c18v3.46\pic18-lt\cxx-framework\src\traditional\proc\p18f4620.asm
                  ECCP1AS   0x000fb6       data     extern E:\c18v3.46\pic18-lt\cxx-framework\src\traditional\proc\p18f4620.asm
              ECCP1ASbits   0x000fb6       data     extern E:\c18v3.46\pic18-lt\cxx-framework\src\traditional\proc\p18f4620.asm
                    EEADR   0x000fa9       data     extern E:\c18v3.46\pic18-lt\cxx-framework\src\traditional\proc\p18f4620.asm
                   EEADRH   0x000faa       data     extern E:\c18v3.46\pic18-lt\cxx-framework\src\traditional\proc\p18f4620.asm
                   EECON1   0x000fa6       data     extern E:\c18v3.46\pic18-lt\cxx-framework\src\traditional\proc\p18f4620.asm
               EECON1bits   0x000fa6       data     extern E:\c18v3.46\pic18-lt\cxx-framework\src\traditional\proc\p18f4620.asm
                   EECON2   0x000fa7       data     extern E:\c18v3.46\pic18-lt\cxx-framework\src\traditional\proc\p18f4620.asm
                   EEDATA   0x000fa8       data     extern E:\c18v3.46\pic18-lt\cxx-framework\src\traditional\proc\p18f4620.asm
                     FSR0   0x000fe9       data     extern E:\c18v3.46\pic18-lt\cxx-framework\src\traditional\proc\p18f4620.asm
                    FSR0H   0x000fea       data     extern E:\c18v3.46\pic18-lt\cxx-framework\src\traditional\proc\p18f4620.asm
                    FSR0L   0x000fe9       data     extern E:\c18v3.46\pic18-lt\cxx-framework\src\traditional\proc\p18f4620.asm
                     FSR1   0x000fe1       data     extern E:\c18v3.46\pic18-lt\cxx-framework\src\traditional\proc\p18f4620.asm
                    FSR1H   0x000fe2       data     extern E:\c18v3.46\pic18-lt\cxx-framework\src\traditional\proc\p18f4620.asm
                    FSR1L   0x000fe1       data     extern E:\c18v3.46\pic18-lt\cxx-framework\src\traditional\proc\p18f4620.asm
                     FSR2   0x000fd9       data     extern E:\c18v3.46\pic18-lt\cxx-framework\src\traditional\proc\p18f4620.asm
                    FSR2H   0x000fda       data     extern E:\c18v3.46\pic18-lt\cxx-framework\src\traditional\proc\p18f4620.asm
                    FSR2L   0x000fd9       data     extern E:\c18v3.46\pic18-lt\cxx-framework\src\traditional\proc\p18f4620.asm
                  HLVDCON   0x000fd2       data     extern E:\c18v3.46\pic18-lt\cxx-framework\src\traditional\proc\p18f4620.asm
              HLVDCONbits   0x000fd2       data     extern E:\c18v3.46\pic18-lt\cxx-framework\src\traditional\proc\p18f4620.asm
                    INDF0   0x000fef       data     extern E:\c18v3.46\pic18-lt\cxx-framework\src\traditional\proc\p18f4620.asm
                    INDF1   0x000fe7       data     extern E:\c18v3.46\pic18-lt\cxx-framework\src\traditional\proc\p18f4620.asm
                    INDF2   0x000fdf       data     extern E:\c18v3.46\pic18-lt\cxx-framework\src\traditional\proc\p18f4620.asm
                   INTCON   0x000ff2       data     extern E:\c18v3.46\pic18-lt\cxx-framework\src\traditional\proc\p18f4620.asm
                  INTCON2   0x000ff1       data     extern E:\c18v3.46\pic18-lt\cxx-framework\src\traditional\proc\p18f4620.asm
              INTCON2bits   0x000ff1       data     extern E:\c18v3.46\pic18-lt\cxx-framework\src\traditional\proc\p18f4620.asm
                  INTCON3   0x000ff0       data     extern E:\c18v3.46\pic18-lt\cxx-framework\src\traditional\proc\p18f4620.asm
              INTCON3bits   0x000ff0       data     extern E:\c18v3.46\pic18-lt\cxx-framework\src\traditional\proc\p18f4620.asm
               INTCONbits   0x000ff2       data     extern E:\c18v3.46\pic18-lt\cxx-framework\src\traditional\proc\p18f4620.asm
                     IPR1   0x000f9f       data     extern E:\c18v3.46\pic18-lt\cxx-framework\src\traditional\proc\p18f4620.asm
                 IPR1bits   0x000f9f       data     extern E:\c18v3.46\pic18-lt\cxx-framework\src\traditional\proc\p18f4620.asm
                     IPR2   0x000fa2       data     extern E:\c18v3.46\pic18-lt\cxx-framework\src\traditional\proc\p18f4620.asm
                 IPR2bits   0x000fa2       data     extern E:\c18v3.46\pic18-lt\cxx-framework\src\traditional\proc\p18f4620.asm
                     LATA   0x000f89       data     extern E:\c18v3.46\pic18-lt\cxx-framework\src\traditional\proc\p18f4620.asm
                 LATAbits   0x000f89       data     extern E:\c18v3.46\pic18-lt\cxx-framework\src\traditional\proc\p18f4620.asm
                     LATB   0x000f8a       data     extern E:\c18v3.46\pic18-lt\cxx-framework\src\traditional\proc\p18f4620.asm
                 LATBbits   0x000f8a       data     extern E:\c18v3.46\pic18-lt\cxx-framework\src\traditional\proc\p18f4620.asm
                     LATC   0x000f8b       data     extern E:\c18v3.46\pic18-lt\cxx-framework\src\traditional\proc\p18f4620.asm
                 LATCbits   0x000f8b       data     extern E:\c18v3.46\pic18-lt\cxx-framework\src\traditional\proc\p18f4620.asm
                     LATD   0x000f8c       data     extern E:\c18v3.46\pic18-lt\cxx-framework\src\traditional\proc\p18f4620.asm
                 LATDbits   0x000f8c       data     extern E:\c18v3.46\pic18-lt\cxx-framework\src\traditional\proc\p18f4620.asm
                     LATE   0x000f8d       data     extern E:\c18v3.46\pic18-lt\cxx-framework\src\traditional\proc\p18f4620.asm
                 LATEbits   0x000f8d       data     extern E:\c18v3.46\pic18-lt\cxx-framework\src\traditional\proc\p18f4620.asm
                  LED_MAP   0x000080       data     extern C:\Users\Nitty\Desktop\MMD_v2\source\main.c
                   LVDCON   0x000fd2       data     extern E:\c18v3.46\pic18-lt\cxx-framework\src\traditional\proc\p18f4620.asm
               LVDCONbits   0x000fd2       data     extern E:\c18v3.46\pic18-lt\cxx-framework\src\traditional\proc\p18f4620.asm
                   OSCCON   0x000fd3       data     extern E:\c18v3.46\pic18-lt\cxx-framework\src\traditional\proc\p18f4620.asm
               OSCCONbits   0x000fd3       data     extern E:\c18v3.46\pic18-lt\cxx-framework\src\traditional\proc\p18f4620.asm
                  OSCTUNE   0x000f9b       data     extern E:\c18v3.46\pic18-lt\cxx-framework\src\traditional\proc\p18f4620.asm
              OSCTUNEbits   0x000f9b       data     extern E:\c18v3.46\pic18-lt\cxx-framework\src\traditional\proc\p18f4620.asm
                       PC   0x000ff9       data     extern E:\c18v3.46\pic18-lt\cxx-framework\src\traditional\proc\p18f4620.asm
                      PCL   0x000ff9       data     extern E:\c18v3.46\pic18-lt\cxx-framework\src\traditional\proc\p18f4620.asm
                   PCLATH   0x000ffa       data     extern E:\c18v3.46\pic18-lt\cxx-framework\src\traditional\proc\p18f4620.asm
                   PCLATU   0x000ffb       data     extern E:\c18v3.46\pic18-lt\cxx-framework\src\traditional\proc\p18f4620.asm
                     PIE1   0x000f9d       data     extern E:\c18v3.46\pic18-lt\cxx-framework\src\traditional\proc\p18f4620.asm
                 PIE1bits   0x000f9d       data     extern E:\c18v3.46\pic18-lt\cxx-framework\src\traditional\proc\p18f4620.asm
                     PIE2   0x000fa0       data     extern E:\c18v3.46\pic18-lt\cxx-framework\src\traditional\proc\p18f4620.asm
                 PIE2bits   0x000fa0       data     extern E:\c18v3.46\pic18-lt\cxx-framework\src\traditional\proc\p18f4620.asm
                     PIR1   0x000f9e       data     extern E:\c18v3.46\pic18-lt\cxx-framework\src\traditional\proc\p18f4620.asm
                 PIR1bits   0x000f9e       data     extern E:\c18v3.46\pic18-lt\cxx-framework\src\traditional\proc\p18f4620.asm
                     PIR2   0x000fa1       data     extern E:\c18v3.46\pic18-lt\cxx-framework\src\traditional\proc\p18f4620.asm
                 PIR2bits   0x000fa1       data     extern E:\c18v3.46\pic18-lt\cxx-framework\src\traditional\proc\p18f4620.asm
                   PLUSW0   0x000feb       data     extern E:\c18v3.46\pic18-lt\cxx-framework\src\traditional\proc\p18f4620.asm
                   PLUSW1   0x000fe3       data     extern E:\c18v3.46\pic18-lt\cxx-framework\src\traditional\proc\p18f4620.asm
                   PLUSW2   0x000fdb       data     extern E:\c18v3.46\pic18-lt\cxx-framework\src\traditional\proc\p18f4620.asm
                    PORTA   0x000f80       data     extern E:\c18v3.46\pic18-lt\cxx-framework\src\traditional\proc\p18f4620.asm
                PORTAbits   0x000f80       data     extern E:\c18v3.46\pic18-lt\cxx-framework\src\traditional\proc\p18f4620.asm
                    PORTB   0x000f81       data     extern E:\c18v3.46\pic18-lt\cxx-framework\src\traditional\proc\p18f4620.asm
                PORTBbits   0x000f81       data     extern E:\c18v3.46\pic18-lt\cxx-framework\src\traditional\proc\p18f4620.asm
                    PORTC   0x000f82       data     extern E:\c18v3.46\pic18-lt\cxx-framework\src\traditional\proc\p18f4620.asm
                PORTCbits   0x000f82       data     extern E:\c18v3.46\pic18-lt\cxx-framework\src\traditional\proc\p18f4620.asm
                    PORTD   0x000f83       data     extern E:\c18v3.46\pic18-lt\cxx-framework\src\traditional\proc\p18f4620.asm
                PORTDbits   0x000f83       data     extern E:\c18v3.46\pic18-lt\cxx-framework\src\traditional\proc\p18f4620.asm
                    PORTE   0x000f84       data     extern E:\c18v3.46\pic18-lt\cxx-framework\src\traditional\proc\p18f4620.asm
                PORTEbits   0x000f84       data     extern E:\c18v3.46\pic18-lt\cxx-framework\src\traditional\proc\p18f4620.asm
                 POSTDEC0   0x000fed       data     extern E:\c18v3.46\pic18-lt\cxx-framework\src\traditional\proc\p18f4620.asm
                 POSTDEC1   0x000fe5       data     extern E:\c18v3.46\pic18-lt\cxx-framework\src\traditional\proc\p18f4620.asm
                 POSTDEC2   0x000fdd       data     extern E:\c18v3.46\pic18-lt\cxx-framework\src\traditional\proc\p18f4620.asm
                 POSTINC0   0x000fee       data     extern E:\c18v3.46\pic18-lt\cxx-framework\src\traditional\proc\p18f4620.asm
                 POSTINC1   0x000fe6       data     extern E:\c18v3.46\pic18-lt\cxx-framework\src\traditional\proc\p18f4620.asm
                 POSTINC2   0x000fde       data     extern E:\c18v3.46\pic18-lt\cxx-framework\src\traditional\proc\p18f4620.asm
                      PR2   0x000fcb       data     extern E:\c18v3.46\pic18-lt\cxx-framework\src\traditional\proc\p18f4620.asm
                  PREINC0   0x000fec       data     extern E:\c18v3.46\pic18-lt\cxx-framework\src\traditional\proc\p18f4620.asm
                  PREINC1   0x000fe4       data     extern E:\c18v3.46\pic18-lt\cxx-framework\src\traditional\proc\p18f4620.asm
                  PREINC2   0x000fdc       data     extern E:\c18v3.46\pic18-lt\cxx-framework\src\traditional\proc\p18f4620.asm
                     PROD   0x000ff3       data     extern E:\c18v3.46\pic18-lt\cxx-framework\src\traditional\proc\p18f4620.asm
                    PRODH   0x000ff4       data     extern E:\c18v3.46\pic18-lt\cxx-framework\src\traditional\proc\p18f4620.asm
                    PRODL   0x000ff3       data     extern E:\c18v3.46\pic18-lt\cxx-framework\src\traditional\proc\p18f4620.asm
                  PWM1CON   0x000fb7       data     extern E:\c18v3.46\pic18-lt\cxx-framework\src\traditional\proc\p18f4620.asm
              PWM1CONbits   0x000fb7       data     extern E:\c18v3.46\pic18-lt\cxx-framework\src\traditional\proc\p18f4620.asm
                     RCON   0x000fd0       data     extern E:\c18v3.46\pic18-lt\cxx-framework\src\traditional\proc\p18f4620.asm
                 RCONbits   0x000fd0       data     extern E:\c18v3.46\pic18-lt\cxx-framework\src\traditional\proc\p18f4620.asm
                    RCREG   0x000fae       data     extern E:\c18v3.46\pic18-lt\cxx-framework\src\traditional\proc\p18f4620.asm
                    RCSTA   0x000fab       data     extern E:\c18v3.46\pic18-lt\cxx-framework\src\traditional\proc\p18f4620.asm
                RCSTAbits   0x000fab       data     extern E:\c18v3.46\pic18-lt\cxx-framework\src\traditional\proc\p18f4620.asm
                     SIGN   0x00000e       data     extern E:\c18v3.46\pic18-lt\cxx-framework\src\traditional\math\cmath18.asm
                    SPBRG   0x000faf       data     extern E:\c18v3.46\pic18-lt\cxx-framework\src\traditional\proc\p18f4620.asm
                   SPBRGH   0x000fb0       data     extern E:\c18v3.46\pic18-lt\cxx-framework\src\traditional\proc\p18f4620.asm
                   SSPADD   0x000fc8       data     extern E:\c18v3.46\pic18-lt\cxx-framework\src\traditional\proc\p18f4620.asm
                   SSPBUF   0x000fc9       data     extern E:\c18v3.46\pic18-lt\cxx-framework\src\traditional\proc\p18f4620.asm
                  SSPCON1   0x000fc6       data     extern E:\c18v3.46\pic18-lt\cxx-framework\src\traditional\proc\p18f4620.asm
              SSPCON1bits   0x000fc6       data     extern E:\c18v3.46\pic18-lt\cxx-framework\src\traditional\proc\p18f4620.asm
                  SSPCON2   0x000fc5       data     extern E:\c18v3.46\pic18-lt\cxx-framework\src\traditional\proc\p18f4620.asm
              SSPCON2bits   0x000fc5       data     extern E:\c18v3.46\pic18-lt\cxx-framework\src\traditional\proc\p18f4620.asm
                  SSPSTAT   0x000fc7       data     extern E:\c18v3.46\pic18-lt\cxx-framework\src\traditional\proc\p18f4620.asm
              SSPSTATbits   0x000fc7       data     extern E:\c18v3.46\pic18-lt\cxx-framework\src\traditional\proc\p18f4620.asm
                   STATUS   0x000fd8       data     extern E:\c18v3.46\pic18-lt\cxx-framework\src\traditional\proc\p18f4620.asm
               STATUSbits   0x000fd8       data     extern E:\c18v3.46\pic18-lt\cxx-framework\src\traditional\proc\p18f4620.asm
                   STKPTR   0x000ffc       data     extern E:\c18v3.46\pic18-lt\cxx-framework\src\traditional\proc\p18f4620.asm
               STKPTRbits   0x000ffc       data     extern E:\c18v3.46\pic18-lt\cxx-framework\src\traditional\proc\p18f4620.asm
                    T0CON   0x000fd5       data     extern E:\c18v3.46\pic18-lt\cxx-framework\src\traditional\proc\p18f4620.asm
                T0CONbits   0x000fd5       data     extern E:\c18v3.46\pic18-lt\cxx-framework\src\traditional\proc\p18f4620.asm
                    T1CON   0x000fcd       data     extern E:\c18v3.46\pic18-lt\cxx-framework\src\traditional\proc\p18f4620.asm
                T1CONbits   0x000fcd       data     extern E:\c18v3.46\pic18-lt\cxx-framework\src\traditional\proc\p18f4620.asm
                    T2CON   0x000fca       data     extern E:\c18v3.46\pic18-lt\cxx-framework\src\traditional\proc\p18f4620.asm
                T2CONbits   0x000fca       data     extern E:\c18v3.46\pic18-lt\cxx-framework\src\traditional\proc\p18f4620.asm
                    T3CON   0x000fb1       data     extern E:\c18v3.46\pic18-lt\cxx-framework\src\traditional\proc\p18f4620.asm
                T3CONbits   0x000fb1       data     extern E:\c18v3.46\pic18-lt\cxx-framework\src\traditional\proc\p18f4620.asm
                   TABLAT   0x000ff5       data     extern E:\c18v3.46\pic18-lt\cxx-framework\src\traditional\proc\p18f4620.asm
                   TBLPTR   0x000ff6       data     extern E:\c18v3.46\pic18-lt\cxx-framework\src\traditional\proc\p18f4620.asm
                  TBLPTRH   0x000ff7       data     extern E:\c18v3.46\pic18-lt\cxx-framework\src\traditional\proc\p18f4620.asm
                  TBLPTRL   0x000ff6       data     extern E:\c18v3.46\pic18-lt\cxx-framework\src\traditional\proc\p18f4620.asm
                  TBLPTRU   0x000ff8       data     extern E:\c18v3.46\pic18-lt\cxx-framework\src\traditional\proc\p18f4620.asm
                    TMR0H   0x000fd7       data     extern E:\c18v3.46\pic18-lt\cxx-framework\src\traditional\proc\p18f4620.asm
                    TMR0L   0x000fd6       data     extern E:\c18v3.46\pic18-lt\cxx-framework\src\traditional\proc\p18f4620.asm
                    TMR1H   0x000fcf       data     extern E:\c18v3.46\pic18-lt\cxx-framework\src\traditional\proc\p18f4620.asm
                    TMR1L   0x000fce       data     extern E:\c18v3.46\pic18-lt\cxx-framework\src\traditional\proc\p18f4620.asm
                     TMR2   0x000fcc       data     extern E:\c18v3.46\pic18-lt\cxx-framework\src\traditional\proc\p18f4620.asm
                    TMR3H   0x000fb3       data     extern E:\c18v3.46\pic18-lt\cxx-framework\src\traditional\proc\p18f4620.asm
                    TMR3L   0x000fb2       data     extern E:\c18v3.46\pic18-lt\cxx-framework\src\traditional\proc\p18f4620.asm
                      TOS   0x000ffd       data     extern E:\c18v3.46\pic18-lt\cxx-framework\src\traditional\proc\p18f4620.asm
                     TOSH   0x000ffe       data     extern E:\c18v3.46\pic18-lt\cxx-framework\src\traditional\proc\p18f4620.asm
                     TOSL   0x000ffd       data     extern E:\c18v3.46\pic18-lt\cxx-framework\src\traditional\proc\p18f4620.asm
                     TOSU   0x000fff       data     extern E:\c18v3.46\pic18-lt\cxx-framework\src\traditional\proc\p18f4620.asm
                    TRISA   0x000f92       data     extern E:\c18v3.46\pic18-lt\cxx-framework\src\traditional\proc\p18f4620.asm
                TRISAbits   0x000f92       data     extern E:\c18v3.46\pic18-lt\cxx-framework\src\traditional\proc\p18f4620.asm
                    TRISB   0x000f93       data     extern E:\c18v3.46\pic18-lt\cxx-framework\src\traditional\proc\p18f4620.asm
                TRISBbits   0x000f93       data     extern E:\c18v3.46\pic18-lt\cxx-framework\src\traditional\proc\p18f4620.asm
                    TRISC   0x000f94       data     extern E:\c18v3.46\pic18-lt\cxx-framework\src\traditional\proc\p18f4620.asm
                TRISCbits   0x000f94       data     extern E:\c18v3.46\pic18-lt\cxx-framework\src\traditional\proc\p18f4620.asm
                    TRISD   0x000f95       data     extern E:\c18v3.46\pic18-lt\cxx-framework\src\traditional\proc\p18f4620.asm
                TRISDbits   0x000f95       data     extern E:\c18v3.46\pic18-lt\cxx-framework\src\traditional\proc\p18f4620.asm
                    TRISE   0x000f96       data     extern E:\c18v3.46\pic18-lt\cxx-framework\src\traditional\proc\p18f4620.asm
                TRISEbits   0x000f96       data     extern E:\c18v3.46\pic18-lt\cxx-framework\src\traditional\proc\p18f4620.asm
                    TXREG   0x000fad       data     extern E:\c18v3.46\pic18-lt\cxx-framework\src\traditional\proc\p18f4620.asm
                    TXSTA   0x000fac       data     extern E:\c18v3.46\pic18-lt\cxx-framework\src\traditional\proc\p18f4620.asm
                TXSTAbits   0x000fac       data     extern E:\c18v3.46\pic18-lt\cxx-framework\src\traditional\proc\p18f4620.asm
             USART_Status   0x0001fa       data     extern E:\c18v3.46\pic18-lt\cxx-framework\src\pmc_common\USART\udefs.c
                        W   0x000fe8       data     extern E:\c18v3.46\pic18-lt\cxx-framework\src\traditional\proc\p18f4620.asm
                   WDTCON   0x000fd1       data     extern E:\c18v3.46\pic18-lt\cxx-framework\src\traditional\proc\p18f4620.asm
               WDTCONbits   0x000fd1       data     extern E:\c18v3.46\pic18-lt\cxx-framework\src\traditional\proc\p18f4620.asm
                     WREG   0x000fe8       data     extern E:\c18v3.46\pic18-lt\cxx-framework\src\traditional\proc\p18f4620.asm
                 __AARGB0   0x000007       data     extern E:\c18v3.46\pic18-lt\cxx-framework\src\traditional\math\aarg.asm
                 __AARGB1   0x000006       data     extern E:\c18v3.46\pic18-lt\cxx-framework\src\traditional\math\aarg.asm
                 __AARGB2   0x000005       data     extern E:\c18v3.46\pic18-lt\cxx-framework\src\traditional\math\aarg.asm
                 __AARGB3   0x000004       data     extern E:\c18v3.46\pic18-lt\cxx-framework\src\traditional\math\aarg.asm
                 __AARGB4   0x000003       data     extern E:\c18v3.46\pic18-lt\cxx-framework\src\traditional\math\aarg.asm
                 __AARGB5   0x000002       data     extern E:\c18v3.46\pic18-lt\cxx-framework\src\traditional\math\aarg.asm
                 __AARGB6   0x000001       data     extern E:\c18v3.46\pic18-lt\cxx-framework\src\traditional\math\aarg.asm
                 __AARGB7   0x000000       data     extern E:\c18v3.46\pic18-lt\cxx-framework\src\traditional\math\aarg.asm
                   __AEXP   0x000008       data     extern E:\c18v3.46\pic18-lt\cxx-framework\src\traditional\math\aarg.asm
                 __BARGB0   0x00000c       data     extern E:\c18v3.46\pic18-lt\cxx-framework\src\traditional\math\barg.asm
                 __BARGB1   0x00000b       data     extern E:\c18v3.46\pic18-lt\cxx-framework\src\traditional\math\barg.asm
                 __BARGB2   0x00000a       data     extern E:\c18v3.46\pic18-lt\cxx-framework\src\traditional\math\barg.asm
                 __BARGB3   0x000009       data     extern E:\c18v3.46\pic18-lt\cxx-framework\src\traditional\math\barg.asm
                   __BEXP   0x00000d       data     extern E:\c18v3.46\pic18-lt\cxx-framework\src\traditional\math\barg.asm
                __FPFLAGS   0x00000f       data     extern E:\c18v3.46\pic18-lt\cxx-framework\src\traditional\math\cmath18.asm
            __FPFLAGSbits   0x00000f       data     extern E:\c18v3.46\pic18-lt\cxx-framework\src\traditional\math\cmath18.asm
                  __REMB0   0x000003       data     extern E:\c18v3.46\pic18-lt\cxx-framework\src\traditional\math\aarg.asm
                  __REMB1   0x000002       data     extern E:\c18v3.46\pic18-lt\cxx-framework\src\traditional\math\aarg.asm
                  __REMB2   0x000001       data     extern E:\c18v3.46\pic18-lt\cxx-framework\src\traditional\math\aarg.asm
                  __REMB3   0x000000       data     extern E:\c18v3.46\pic18-lt\cxx-framework\src\traditional\math\aarg.asm
                  __tmp_0   0x000010       data     static C:\Users\Nitty\Desktop\MMD_v2\source\app.c
                  __tmp_0   0x000010       data     static C:\Users\Nitty\Desktop\MMD_v2\source\MMD.c
                  __tmp_0   0x000010       data     static E:\c18v3.46\pic18-lt\cxx-framework\src\pmc_common\USART\uopen.c
                  __tmp_0   0x000010       data     static C:\Users\Nitty\Desktop\MMD_v2\source\utilities.c
                  __tmp_0   0x000010       data     static C:\Users\Nitty\Desktop\MMD_v2\source\communication.c
                  __tmp_0   0x000010       data     static C:\Users\Nitty\Desktop\MMD_v2\source\uart_driver.c
           appUpdateCount   0x0001f6       data     extern C:\Users\Nitty\Desktop\MMD_v2\source\timer.c
               comTimeout   0x0001f8       data     extern C:\Users\Nitty\Desktop\MMD_v2\source\communication.c
            communication   0x000100       data     extern C:\Users\Nitty\Desktop\MMD_v2\source\communication.c
                    count   0x0001f0       data     extern C:\Users\Nitty\Desktop\MMD_v2\source\timer.c
                curr_byte   0x00008e       data     static E:\c18v3.46\pic18-lt\cxx-framework\src\traditional\startup\c018i.c
               curr_entry   0x000090       data     static E:\c18v3.46\pic18-lt\cxx-framework\src\traditional\startup\c018i.c
                 data_ptr   0x000092       data     static E:\c18v3.46\pic18-lt\cxx-framework\src\traditional\startup\c018i.c
                     flag   0x0001be       data     extern C:\Users\Nitty\Desktop\MMD_v2\source\app.c
           heartBeatCount   0x0001f2       data     extern C:\Users\Nitty\Desktop\MMD_v2\source\timer.c
                 iSRState   0x0001fd       data     extern C:\Users\Nitty\Desktop\MMD_v2\source\MMD.c
                  lED_MAP   0x0001bf       data     extern C:\Users\Nitty\Desktop\MMD_v2\source\app.c
                 ledState   0x0001fb       data     static C:\Users\Nitty\Desktop\MMD_v2\source\board.c
                 ledState   0x0001fc       data     extern C:\Users\Nitty\Desktop\MMD_v2\source\heartBeat.c
                     line   0x00018c       data     extern C:\Users\Nitty\Desktop\MMD_v2\source\app.c
                    line1   0x0001ca       data     extern C:\Users\Nitty\Desktop\MMD_v2\source\app.c
                mmdConfig   0x00040a       data     extern C:\Users\Nitty\Desktop\MMD_v2\source\app.c
               mmdSegment   0x000500       data     extern C:\Users\Nitty\Desktop\MMD_v2\source\MMD.c
             mmdTaskCount   0x0001f4       data     extern C:\Users\Nitty\Desktop\MMD_v2\source\timer.c
                     prom   0x00008b       data     static E:\c18v3.46\pic18-lt\cxx-framework\src\traditional\startup\c018i.c
            segmentBuffer   0x000400       data     extern C:\Users\Nitty\Desktop\MMD_v2\source\app.c
                      tmr   0x0001e8       data     extern C:\Users\Nitty\Desktop\MMD_v2\source\timer.c
                     uart   0x000200       data     extern C:\Users\Nitty\Desktop\MMD_v2\source\uart_driver.c



                              Symbols - Sorted by Address
                     Name    Address   Location    Storage File                     
                ---------  ---------  ---------  --------- ---------                
                   _entry   0x000000    program     extern E:\c18v3.46\pic18-lt\cxx-framework\src\traditional\startup\c018i.c
       ___return_lbl00000   0x000004    program     static                          
                   __init   0x000006    program     extern E:\c18v3.46\pic18-lt\cxx-framework\src\traditional\stdclib\__init.c
           high_interrupt   0x000008    program     extern C:\Users\Nitty\Desktop\MMD_v2\source\interruptvector.c
           ___if_lbl00001   0x000010    program     static                          
           ___if_lbl00002   0x000018    program     static                          
           ___if_lbl00003   0x000020    program     static                          
       ___return_lbl00000   0x000020    program     static                          
         EnableInterrupts   0x000022    program     extern C:\Users\Nitty\Desktop\MMD_v2\source\interruptvector.c
                   getBit   0x00008a    program     static C:\Users\Nitty\Desktop\MMD_v2\source\MMD.c
                   setBit   0x0000ca    program     static C:\Users\Nitty\Desktop\MMD_v2\source\MMD.c
                 clearBit   0x000100    program     static C:\Users\Nitty\Desktop\MMD_v2\source\MMD.c
                 MMD_init   0x000138    program     extern C:\Users\Nitty\Desktop\MMD_v2\source\MMD.c
        MMD_configSegment   0x00039e    program     extern C:\Users\Nitty\Desktop\MMD_v2\source\MMD.c
       MMD_setScrollSpeed   0x000b32    program     extern C:\Users\Nitty\Desktop\MMD_v2\source\MMD.c
         MMD_changeSymbol   0x000b8a    program     extern C:\Users\Nitty\Desktop\MMD_v2\source\MMD.c
         MMD_clearSegment   0x000d60    program     extern C:\Users\Nitty\Desktop\MMD_v2\source\MMD.c
                 MMD_task   0x000fa2    program     extern C:\Users\Nitty\Desktop\MMD_v2\source\MMD.c
       MMD_refreshDisplay   0x00172c    program     extern C:\Users\Nitty\Desktop\MMD_v2\source\MMD.c
       WriteDataToDisplay   0x0019b0    program     extern C:\Users\Nitty\Desktop\MMD_v2\source\MMD.c
                 COM_init   0x001a00    program     extern C:\Users\Nitty\Desktop\MMD_v2\source\communication.c
              COM_restart   0x001a36    program     extern C:\Users\Nitty\Desktop\MMD_v2\source\communication.c
                COM_reset   0x001a68    program     extern C:\Users\Nitty\Desktop\MMD_v2\source\communication.c
                 COM_task   0x001a96    program     extern C:\Users\Nitty\Desktop\MMD_v2\source\communication.c
              parsePacket   0x001ca8    program     extern C:\Users\Nitty\Desktop\MMD_v2\source\communication.c
               COM_txData   0x001d48    program     extern C:\Users\Nitty\Desktop\MMD_v2\source\communication.c
          ___for_lbl00037   0x001d7e    program     static                          
          ___for_lbl00035   0x001da8    program     static                          
          ___for_lbl00036   0x001dae    program     static                          
       ___return_lbl00034   0x001dc4    program     static                          
                COM_txStr   0x001dd8    program     extern C:\Users\Nitty\Desktop\MMD_v2\source\communication.c
                 checksum   0x001e22    program     extern C:\Users\Nitty\Desktop\MMD_v2\source\communication.c
                COM_txCMD   0x001e86    program     extern C:\Users\Nitty\Desktop\MMD_v2\source\communication.c
                 APP_init   0x0020a6    program     extern C:\Users\Nitty\Desktop\MMD_v2\source\app.c
                 APP_task   0x002190    program     extern C:\Users\Nitty\Desktop\MMD_v2\source\app.c
          APP_comCallBack   0x00247a    program     extern C:\Users\Nitty\Desktop\MMD_v2\source\app.c
             resetSegment   0x002624    program     extern C:\Users\Nitty\Desktop\MMD_v2\source\app.c
             copySrcToDst   0x002686    program     extern C:\Users\Nitty\Desktop\MMD_v2\source\app.c
             FontTable5x7   0x0026e4    program     extern C:\Users\Nitty\Desktop\MMD_v2\source\MMD.c
        rightBitPackTable   0x002a84    program     extern C:\Users\Nitty\Desktop\MMD_v2\source\MMD.c
         leftBitPackTable   0x002a92    program     extern C:\Users\Nitty\Desktop\MMD_v2\source\MMD.c
       UartReceiveHandler   0x002aa0    program     extern C:\Users\Nitty\Desktop\MMD_v2\source\uart_driver.c
      UartTransmitHandler   0x002b6e    program     extern C:\Users\Nitty\Desktop\MMD_v2\source\uart_driver.c
                UART_init   0x002bf4    program     extern C:\Users\Nitty\Desktop\MMD_v2\source\uart_driver.c
               UART_write   0x002c2a    program     extern C:\Users\Nitty\Desktop\MMD_v2\source\uart_driver.c
            UART_transmit   0x002c68    program     extern C:\Users\Nitty\Desktop\MMD_v2\source\uart_driver.c
             UART_hasData   0x002d0c    program     extern C:\Users\Nitty\Desktop\MMD_v2\source\uart_driver.c
                UART_read   0x002d46    program     extern C:\Users\Nitty\Desktop\MMD_v2\source\uart_driver.c
                 TMR0_ISR   0x002d9e    program     extern C:\Users\Nitty\Desktop\MMD_v2\source\timer.c
                 TMR1_ISR   0x002e70    program     extern C:\Users\Nitty\Desktop\MMD_v2\source\timer.c
                TMR0_init   0x002f2a    program     extern C:\Users\Nitty\Desktop\MMD_v2\source\timer.c
                TMR1_init   0x002f70    program     extern C:\Users\Nitty\Desktop\MMD_v2\source\timer.c
           ConvertBCD2HEX   0x002fb8    program     extern C:\Users\Nitty\Desktop\MMD_v2\source\utilities.c
                  HEX2BCD   0x00304a    program     extern C:\Users\Nitty\Desktop\MMD_v2\source\utilities.c
                 BCDtoBin   0x0030b0    program     extern C:\Users\Nitty\Desktop\MMD_v2\source\utilities.c
                 BinToBCD   0x0030e4    program     extern C:\Users\Nitty\Desktop\MMD_v2\source\utilities.c
     UTL_binaryToBCDASCII   0x00312c    program     extern C:\Users\Nitty\Desktop\MMD_v2\source\utilities.c
                     main   0x00319c    program     extern C:\Users\Nitty\Desktop\MMD_v2\source\main.c
        ___while_lbl00001   0x0031f6    program     static                          
           ___if_lbl00003   0x00320e    program     static                          
           ___if_lbl00004   0x003224    program     static                          
           ___if_lbl00005   0x00323c    program     static                          
        ___while_lbl00002   0x003244    program     static                          
       ___return_lbl00000   0x003244    program     static                          
                _do_cinit   0x003258    program     extern E:\c18v3.46\pic18-lt\cxx-framework\src\traditional\startup\c018i.c
                     test   0x003272    program     static                          
                copy_loop   0x0032ca    program     static                          
            copy_one_byte   0x0032d0    program     static                          
             done_copying   0x0032de    program     static                          
       ___return_lbl00002   0x0032f4    program     static                          
                     done   0x0032f4    program     static                          
                   memset   0x0032f6    program     extern E:\c18v3.46\pic18-lt\cxx-framework\src\traditional\stdclib\memset.asm
                    jLoop   0x00330a    program     static E:\c18v3.46\pic18-lt\cxx-framework\src\traditional\stdclib\memset.asm
              _2jContinue   0x003316    program     static E:\c18v3.46\pic18-lt\cxx-framework\src\traditional\stdclib\memset.asm
                   _3jEnd   0x003320    program     static E:\c18v3.46\pic18-lt\cxx-framework\src\traditional\stdclib\memset.asm
                     jEnd   0x003328    program     static E:\c18v3.46\pic18-lt\cxx-framework\src\traditional\stdclib\memset.asm
                   strcpy   0x00332a    program     extern E:\c18v3.46\pic18-lt\cxx-framework\src\traditional\stdclib\strcpy.asm
                    jLoop   0x003352    program     static E:\c18v3.46\pic18-lt\cxx-framework\src\traditional\stdclib\strcpy.asm
                   strlen   0x00336c    program     extern E:\c18v3.46\pic18-lt\cxx-framework\src\traditional\stdclib\strlen.asm
                    jLoop   0x00337c    program     static E:\c18v3.46\pic18-lt\cxx-framework\src\traditional\stdclib\strlen.asm
                     jEnd   0x003386    program     static E:\c18v3.46\pic18-lt\cxx-framework\src\traditional\stdclib\strlen.asm
                OpenUSART   0x003388    program     extern E:\c18v3.46\pic18-lt\cxx-framework\src\pmc_common\USART\uopen.c
                 BRD_init   0x003412    program     extern C:\Users\Nitty\Desktop\MMD_v2\source\board.c
               OpenTimer1   0x003456    program     extern E:\c18v3.46\pic18-lt\cxx-framework\src\pmc_common\Timers\t1open.c
                ReadUSART   0x003498    program     extern E:\c18v3.46\pic18-lt\cxx-framework\src\pmc_common\USART\uread.c
              WriteTimer1   0x0034d6    program     extern E:\c18v3.46\pic18-lt\cxx-framework\src\pmc_common\Timers\t1write.c
              WriteTimer0   0x00350e    program     extern E:\c18v3.46\pic18-lt\cxx-framework\src\pmc_common\Timers\t0write.c
               OpenTimer0   0x003546    program     extern E:\c18v3.46\pic18-lt\cxx-framework\src\pmc_common\Timers\t0open.c
            __zero_memory   0x00357e    program     extern E:\c18v3.46\pic18-lt\cxx-framework\src\traditional\proc\p18f4620.asm
               zero_block   0x00358c    program     static E:\c18v3.46\pic18-lt\cxx-framework\src\traditional\proc\p18f4620.asm
                   loop_h   0x00358c    program     static E:\c18v3.46\pic18-lt\cxx-framework\src\traditional\proc\p18f4620.asm
                compare_l   0x003594    program     static E:\c18v3.46\pic18-lt\cxx-framework\src\traditional\proc\p18f4620.asm
                   loop_l   0x003596    program     static E:\c18v3.46\pic18-lt\cxx-framework\src\traditional\proc\p18f4620.asm
                  HB_init   0x00359e    program     extern C:\Users\Nitty\Desktop\MMD_v2\source\heartBeat.c
                  HB_task   0x0035a4    program     extern C:\Users\Nitty\Desktop\MMD_v2\source\heartBeat.c
                 _startup   0x0035bc    program     extern E:\c18v3.46\pic18-lt\cxx-framework\src\traditional\startup\c018i.c
                     loop   0x0035cc    program     static                          
       ___return_lbl00001   0x0035d6    program     static                          
                 FXD0808U   0x0035d8    program     extern E:\c18v3.46\pic18-lt\cxx-framework\src\traditional\math\fxd0808u.c
                     loop   0x0035e0    program     static                          
                  endloop   0x0035ee    program     static                          
       ___return_lbl00000   0x0035f2    program     static                          
              Delay10TCYx   0x0035f4    program     extern E:\c18v3.46\pic18-lt\cxx-framework\src\traditional\delays\d10tcyx.asm
                     D10x   0x0035fc    program     static E:\c18v3.46\pic18-lt\cxx-framework\src\traditional\delays\d10tcyx.asm
        _D10TCYXCODE_000A   0x0035fe    program     static E:\c18v3.46\pic18-lt\cxx-framework\src\traditional\delays\d10tcyx.asm
        _D10TCYXCODE_000C   0x003600    program     static E:\c18v3.46\pic18-lt\cxx-framework\src\traditional\delays\d10tcyx.asm
        _D10TCYXCODE_000E   0x003602    program     static E:\c18v3.46\pic18-lt\cxx-framework\src\traditional\delays\d10tcyx.asm
                    D10_1   0x003604    program     static E:\c18v3.46\pic18-lt\cxx-framework\src\traditional\delays\d10tcyx.asm
               __config_0   0x300001    program     static C:\Users\Nitty\Desktop\MMD_v2\source\main.c
               __config_1   0x300002    program     static C:\Users\Nitty\Desktop\MMD_v2\source\main.c
               __config_2   0x300003    program     static C:\Users\Nitty\Desktop\MMD_v2\source\main.c
               __config_3   0x300005    program     static C:\Users\Nitty\Desktop\MMD_v2\source\main.c
               __config_4   0x300006    program     static C:\Users\Nitty\Desktop\MMD_v2\source\main.c
               __config_5   0x300008    program     static C:\Users\Nitty\Desktop\MMD_v2\source\main.c
               __config_6   0x300009    program     static C:\Users\Nitty\Desktop\MMD_v2\source\main.c
               __config_7   0x30000a    program     static C:\Users\Nitty\Desktop\MMD_v2\source\main.c
               __config_8   0x30000b    program     static C:\Users\Nitty\Desktop\MMD_v2\source\main.c
               __config_9   0x30000c    program     static C:\Users\Nitty\Desktop\MMD_v2\source\main.c
              __config_10   0x30000d    program     static C:\Users\Nitty\Desktop\MMD_v2\source\main.c
                  __REMB3   0x000000       data     extern E:\c18v3.46\pic18-lt\cxx-framework\src\traditional\math\aarg.asm
                 __AARGB7   0x000000       data     extern E:\c18v3.46\pic18-lt\cxx-framework\src\traditional\math\aarg.asm
                  __REMB2   0x000001       data     extern E:\c18v3.46\pic18-lt\cxx-framework\src\traditional\math\aarg.asm
                 __AARGB6   0x000001       data     extern E:\c18v3.46\pic18-lt\cxx-framework\src\traditional\math\aarg.asm
                  __REMB1   0x000002       data     extern E:\c18v3.46\pic18-lt\cxx-framework\src\traditional\math\aarg.asm
                 __AARGB5   0x000002       data     extern E:\c18v3.46\pic18-lt\cxx-framework\src\traditional\math\aarg.asm
                  __REMB0   0x000003       data     extern E:\c18v3.46\pic18-lt\cxx-framework\src\traditional\math\aarg.asm
                 __AARGB4   0x000003       data     extern E:\c18v3.46\pic18-lt\cxx-framework\src\traditional\math\aarg.asm
                 __AARGB3   0x000004       data     extern E:\c18v3.46\pic18-lt\cxx-framework\src\traditional\math\aarg.asm
                 __AARGB2   0x000005       data     extern E:\c18v3.46\pic18-lt\cxx-framework\src\traditional\math\aarg.asm
                 __AARGB1   0x000006       data     extern E:\c18v3.46\pic18-lt\cxx-framework\src\traditional\math\aarg.asm
                 __AARGB0   0x000007       data     extern E:\c18v3.46\pic18-lt\cxx-framework\src\traditional\math\aarg.asm
                   __AEXP   0x000008       data     extern E:\c18v3.46\pic18-lt\cxx-framework\src\traditional\math\aarg.asm
                 __BARGB3   0x000009       data     extern E:\c18v3.46\pic18-lt\cxx-framework\src\traditional\math\barg.asm
                 __BARGB2   0x00000a       data     extern E:\c18v3.46\pic18-lt\cxx-framework\src\traditional\math\barg.asm
                 __BARGB1   0x00000b       data     extern E:\c18v3.46\pic18-lt\cxx-framework\src\traditional\math\barg.asm
                 __BARGB0   0x00000c       data     extern E:\c18v3.46\pic18-lt\cxx-framework\src\traditional\math\barg.asm
                   __BEXP   0x00000d       data     extern E:\c18v3.46\pic18-lt\cxx-framework\src\traditional\math\barg.asm
                     SIGN   0x00000e       data     extern E:\c18v3.46\pic18-lt\cxx-framework\src\traditional\math\cmath18.asm
            __FPFLAGSbits   0x00000f       data     extern E:\c18v3.46\pic18-lt\cxx-framework\src\traditional\math\cmath18.asm
                __FPFLAGS   0x00000f       data     extern E:\c18v3.46\pic18-lt\cxx-framework\src\traditional\math\cmath18.asm
                  __tmp_0   0x000010       data     static E:\c18v3.46\pic18-lt\cxx-framework\src\pmc_common\USART\uopen.c
                  __tmp_0   0x000010       data     static C:\Users\Nitty\Desktop\MMD_v2\source\utilities.c
                  __tmp_0   0x000010       data     static C:\Users\Nitty\Desktop\MMD_v2\source\app.c
                  __tmp_0   0x000010       data     static C:\Users\Nitty\Desktop\MMD_v2\source\MMD.c
                  __tmp_0   0x000010       data     static C:\Users\Nitty\Desktop\MMD_v2\source\uart_driver.c
                  __tmp_0   0x000010       data     static C:\Users\Nitty\Desktop\MMD_v2\source\communication.c
                  LED_MAP   0x000080       data     extern C:\Users\Nitty\Desktop\MMD_v2\source\main.c
                     prom   0x00008b       data     static E:\c18v3.46\pic18-lt\cxx-framework\src\traditional\startup\c018i.c
                curr_byte   0x00008e       data     static E:\c18v3.46\pic18-lt\cxx-framework\src\traditional\startup\c018i.c
               curr_entry   0x000090       data     static E:\c18v3.46\pic18-lt\cxx-framework\src\traditional\startup\c018i.c
                 data_ptr   0x000092       data     static E:\c18v3.46\pic18-lt\cxx-framework\src\traditional\startup\c018i.c
            communication   0x000100       data     extern C:\Users\Nitty\Desktop\MMD_v2\source\communication.c
                     line   0x00018c       data     extern C:\Users\Nitty\Desktop\MMD_v2\source\app.c
                     flag   0x0001be       data     extern C:\Users\Nitty\Desktop\MMD_v2\source\app.c
                  lED_MAP   0x0001bf       data     extern C:\Users\Nitty\Desktop\MMD_v2\source\app.c
                    line1   0x0001ca       data     extern C:\Users\Nitty\Desktop\MMD_v2\source\app.c
                      tmr   0x0001e8       data     extern C:\Users\Nitty\Desktop\MMD_v2\source\timer.c
                    count   0x0001f0       data     extern C:\Users\Nitty\Desktop\MMD_v2\source\timer.c
           heartBeatCount   0x0001f2       data     extern C:\Users\Nitty\Desktop\MMD_v2\source\timer.c
             mmdTaskCount   0x0001f4       data     extern C:\Users\Nitty\Desktop\MMD_v2\source\timer.c
           appUpdateCount   0x0001f6       data     extern C:\Users\Nitty\Desktop\MMD_v2\source\timer.c
               comTimeout   0x0001f8       data     extern C:\Users\Nitty\Desktop\MMD_v2\source\communication.c
             USART_Status   0x0001fa       data     extern E:\c18v3.46\pic18-lt\cxx-framework\src\pmc_common\USART\udefs.c
                 ledState   0x0001fb       data     static C:\Users\Nitty\Desktop\MMD_v2\source\board.c
                 ledState   0x0001fc       data     extern C:\Users\Nitty\Desktop\MMD_v2\source\heartBeat.c
                 iSRState   0x0001fd       data     extern C:\Users\Nitty\Desktop\MMD_v2\source\MMD.c
                     uart   0x000200       data     extern C:\Users\Nitty\Desktop\MMD_v2\source\uart_driver.c
            segmentBuffer   0x000400       data     extern C:\Users\Nitty\Desktop\MMD_v2\source\app.c
                mmdConfig   0x00040a       data     extern C:\Users\Nitty\Desktop\MMD_v2\source\app.c
               mmdSegment   0x000500       data     extern C:\Users\Nitty\Desktop\MMD_v2\source\MMD.c
                    PORTA   0x000f80       data     extern E:\c18v3.46\pic18-lt\cxx-framework\src\traditional\proc\p18f4620.asm
                PORTAbits   0x000f80       data     extern E:\c18v3.46\pic18-lt\cxx-framework\src\traditional\proc\p18f4620.asm
                    PORTB   0x000f81       data     extern E:\c18v3.46\pic18-lt\cxx-framework\src\traditional\proc\p18f4620.asm
                PORTBbits   0x000f81       data     extern E:\c18v3.46\pic18-lt\cxx-framework\src\traditional\proc\p18f4620.asm
                PORTCbits   0x000f82       data     extern E:\c18v3.46\pic18-lt\cxx-framework\src\traditional\proc\p18f4620.asm
                    PORTC   0x000f82       data     extern E:\c18v3.46\pic18-lt\cxx-framework\src\traditional\proc\p18f4620.asm
                    PORTD   0x000f83       data     extern E:\c18v3.46\pic18-lt\cxx-framework\src\traditional\proc\p18f4620.asm
                PORTDbits   0x000f83       data     extern E:\c18v3.46\pic18-lt\cxx-framework\src\traditional\proc\p18f4620.asm
                    PORTE   0x000f84       data     extern E:\c18v3.46\pic18-lt\cxx-framework\src\traditional\proc\p18f4620.asm
                PORTEbits   0x000f84       data     extern E:\c18v3.46\pic18-lt\cxx-framework\src\traditional\proc\p18f4620.asm
                 LATAbits   0x000f89       data     extern E:\c18v3.46\pic18-lt\cxx-framework\src\traditional\proc\p18f4620.asm
                     LATA   0x000f89       data     extern E:\c18v3.46\pic18-lt\cxx-framework\src\traditional\proc\p18f4620.asm
                 LATBbits   0x000f8a       data     extern E:\c18v3.46\pic18-lt\cxx-framework\src\traditional\proc\p18f4620.asm
                     LATB   0x000f8a       data     extern E:\c18v3.46\pic18-lt\cxx-framework\src\traditional\proc\p18f4620.asm
                 LATCbits   0x000f8b       data     extern E:\c18v3.46\pic18-lt\cxx-framework\src\traditional\proc\p18f4620.asm
                     LATC   0x000f8b       data     extern E:\c18v3.46\pic18-lt\cxx-framework\src\traditional\proc\p18f4620.asm
                 LATDbits   0x000f8c       data     extern E:\c18v3.46\pic18-lt\cxx-framework\src\traditional\proc\p18f4620.asm
                     LATD   0x000f8c       data     extern E:\c18v3.46\pic18-lt\cxx-framework\src\traditional\proc\p18f4620.asm
                 LATEbits   0x000f8d       data     extern E:\c18v3.46\pic18-lt\cxx-framework\src\traditional\proc\p18f4620.asm
                     LATE   0x000f8d       data     extern E:\c18v3.46\pic18-lt\cxx-framework\src\traditional\proc\p18f4620.asm
                    TRISA   0x000f92       data     extern E:\c18v3.46\pic18-lt\cxx-framework\src\traditional\proc\p18f4620.asm
                TRISAbits   0x000f92       data     extern E:\c18v3.46\pic18-lt\cxx-framework\src\traditional\proc\p18f4620.asm
                 DDRAbits   0x000f92       data     extern E:\c18v3.46\pic18-lt\cxx-framework\src\traditional\proc\p18f4620.asm
                     DDRA   0x000f92       data     extern E:\c18v3.46\pic18-lt\cxx-framework\src\traditional\proc\p18f4620.asm
                    TRISB   0x000f93       data     extern E:\c18v3.46\pic18-lt\cxx-framework\src\traditional\proc\p18f4620.asm
                TRISBbits   0x000f93       data     extern E:\c18v3.46\pic18-lt\cxx-framework\src\traditional\proc\p18f4620.asm
                     DDRB   0x000f93       data     extern E:\c18v3.46\pic18-lt\cxx-framework\src\traditional\proc\p18f4620.asm
                 DDRBbits   0x000f93       data     extern E:\c18v3.46\pic18-lt\cxx-framework\src\traditional\proc\p18f4620.asm
                    TRISC   0x000f94       data     extern E:\c18v3.46\pic18-lt\cxx-framework\src\traditional\proc\p18f4620.asm
                TRISCbits   0x000f94       data     extern E:\c18v3.46\pic18-lt\cxx-framework\src\traditional\proc\p18f4620.asm
                     DDRC   0x000f94       data     extern E:\c18v3.46\pic18-lt\cxx-framework\src\traditional\proc\p18f4620.asm
                 DDRCbits   0x000f94       data     extern E:\c18v3.46\pic18-lt\cxx-framework\src\traditional\proc\p18f4620.asm
                    TRISD   0x000f95       data     extern E:\c18v3.46\pic18-lt\cxx-framework\src\traditional\proc\p18f4620.asm
                TRISDbits   0x000f95       data     extern E:\c18v3.46\pic18-lt\cxx-framework\src\traditional\proc\p18f4620.asm
                     DDRD   0x000f95       data     extern E:\c18v3.46\pic18-lt\cxx-framework\src\traditional\proc\p18f4620.asm
                 DDRDbits   0x000f95       data     extern E:\c18v3.46\pic18-lt\cxx-framework\src\traditional\proc\p18f4620.asm
                     DDRE   0x000f96       data     extern E:\c18v3.46\pic18-lt\cxx-framework\src\traditional\proc\p18f4620.asm
                 DDREbits   0x000f96       data     extern E:\c18v3.46\pic18-lt\cxx-framework\src\traditional\proc\p18f4620.asm
                    TRISE   0x000f96       data     extern E:\c18v3.46\pic18-lt\cxx-framework\src\traditional\proc\p18f4620.asm
                TRISEbits   0x000f96       data     extern E:\c18v3.46\pic18-lt\cxx-framework\src\traditional\proc\p18f4620.asm
              OSCTUNEbits   0x000f9b       data     extern E:\c18v3.46\pic18-lt\cxx-framework\src\traditional\proc\p18f4620.asm
                  OSCTUNE   0x000f9b       data     extern E:\c18v3.46\pic18-lt\cxx-framework\src\traditional\proc\p18f4620.asm
                     PIE1   0x000f9d       data     extern E:\c18v3.46\pic18-lt\cxx-framework\src\traditional\proc\p18f4620.asm
                 PIE1bits   0x000f9d       data     extern E:\c18v3.46\pic18-lt\cxx-framework\src\traditional\proc\p18f4620.asm
                     PIR1   0x000f9e       data     extern E:\c18v3.46\pic18-lt\cxx-framework\src\traditional\proc\p18f4620.asm
                 PIR1bits   0x000f9e       data     extern E:\c18v3.46\pic18-lt\cxx-framework\src\traditional\proc\p18f4620.asm
                     IPR1   0x000f9f       data     extern E:\c18v3.46\pic18-lt\cxx-framework\src\traditional\proc\p18f4620.asm
                 IPR1bits   0x000f9f       data     extern E:\c18v3.46\pic18-lt\cxx-framework\src\traditional\proc\p18f4620.asm
                 PIE2bits   0x000fa0       data     extern E:\c18v3.46\pic18-lt\cxx-framework\src\traditional\proc\p18f4620.asm
                     PIE2   0x000fa0       data     extern E:\c18v3.46\pic18-lt\cxx-framework\src\traditional\proc\p18f4620.asm
                 PIR2bits   0x000fa1       data     extern E:\c18v3.46\pic18-lt\cxx-framework\src\traditional\proc\p18f4620.asm
                     PIR2   0x000fa1       data     extern E:\c18v3.46\pic18-lt\cxx-framework\src\traditional\proc\p18f4620.asm
                     IPR2   0x000fa2       data     extern E:\c18v3.46\pic18-lt\cxx-framework\src\traditional\proc\p18f4620.asm
                 IPR2bits   0x000fa2       data     extern E:\c18v3.46\pic18-lt\cxx-framework\src\traditional\proc\p18f4620.asm
                   EECON1   0x000fa6       data     extern E:\c18v3.46\pic18-lt\cxx-framework\src\traditional\proc\p18f4620.asm
               EECON1bits   0x000fa6       data     extern E:\c18v3.46\pic18-lt\cxx-framework\src\traditional\proc\p18f4620.asm
                   EECON2   0x000fa7       data     extern E:\c18v3.46\pic18-lt\cxx-framework\src\traditional\proc\p18f4620.asm
                   EEDATA   0x000fa8       data     extern E:\c18v3.46\pic18-lt\cxx-framework\src\traditional\proc\p18f4620.asm
                    EEADR   0x000fa9       data     extern E:\c18v3.46\pic18-lt\cxx-framework\src\traditional\proc\p18f4620.asm
                   EEADRH   0x000faa       data     extern E:\c18v3.46\pic18-lt\cxx-framework\src\traditional\proc\p18f4620.asm
                RCSTAbits   0x000fab       data     extern E:\c18v3.46\pic18-lt\cxx-framework\src\traditional\proc\p18f4620.asm
                    RCSTA   0x000fab       data     extern E:\c18v3.46\pic18-lt\cxx-framework\src\traditional\proc\p18f4620.asm
                    TXSTA   0x000fac       data     extern E:\c18v3.46\pic18-lt\cxx-framework\src\traditional\proc\p18f4620.asm
                TXSTAbits   0x000fac       data     extern E:\c18v3.46\pic18-lt\cxx-framework\src\traditional\proc\p18f4620.asm
                    TXREG   0x000fad       data     extern E:\c18v3.46\pic18-lt\cxx-framework\src\traditional\proc\p18f4620.asm
                    RCREG   0x000fae       data     extern E:\c18v3.46\pic18-lt\cxx-framework\src\traditional\proc\p18f4620.asm
                    SPBRG   0x000faf       data     extern E:\c18v3.46\pic18-lt\cxx-framework\src\traditional\proc\p18f4620.asm
                   SPBRGH   0x000fb0       data     extern E:\c18v3.46\pic18-lt\cxx-framework\src\traditional\proc\p18f4620.asm
                    T3CON   0x000fb1       data     extern E:\c18v3.46\pic18-lt\cxx-framework\src\traditional\proc\p18f4620.asm
                T3CONbits   0x000fb1       data     extern E:\c18v3.46\pic18-lt\cxx-framework\src\traditional\proc\p18f4620.asm
                    TMR3L   0x000fb2       data     extern E:\c18v3.46\pic18-lt\cxx-framework\src\traditional\proc\p18f4620.asm
                    TMR3H   0x000fb3       data     extern E:\c18v3.46\pic18-lt\cxx-framework\src\traditional\proc\p18f4620.asm
                    CMCON   0x000fb4       data     extern E:\c18v3.46\pic18-lt\cxx-framework\src\traditional\proc\p18f4620.asm
                CMCONbits   0x000fb4       data     extern E:\c18v3.46\pic18-lt\cxx-framework\src\traditional\proc\p18f4620.asm
                   CVRCON   0x000fb5       data     extern E:\c18v3.46\pic18-lt\cxx-framework\src\traditional\proc\p18f4620.asm
               CVRCONbits   0x000fb5       data     extern E:\c18v3.46\pic18-lt\cxx-framework\src\traditional\proc\p18f4620.asm
                  ECCP1AS   0x000fb6       data     extern E:\c18v3.46\pic18-lt\cxx-framework\src\traditional\proc\p18f4620.asm
              ECCP1ASbits   0x000fb6       data     extern E:\c18v3.46\pic18-lt\cxx-framework\src\traditional\proc\p18f4620.asm
              PWM1CONbits   0x000fb7       data     extern E:\c18v3.46\pic18-lt\cxx-framework\src\traditional\proc\p18f4620.asm
                  PWM1CON   0x000fb7       data     extern E:\c18v3.46\pic18-lt\cxx-framework\src\traditional\proc\p18f4620.asm
              BAUDCONbits   0x000fb8       data     extern E:\c18v3.46\pic18-lt\cxx-framework\src\traditional\proc\p18f4620.asm
                  BAUDCTL   0x000fb8       data     extern E:\c18v3.46\pic18-lt\cxx-framework\src\traditional\proc\p18f4620.asm
              BAUDCTLbits   0x000fb8       data     extern E:\c18v3.46\pic18-lt\cxx-framework\src\traditional\proc\p18f4620.asm
                  BAUDCON   0x000fb8       data     extern E:\c18v3.46\pic18-lt\cxx-framework\src\traditional\proc\p18f4620.asm
                  CCP2CON   0x000fba       data     extern E:\c18v3.46\pic18-lt\cxx-framework\src\traditional\proc\p18f4620.asm
              CCP2CONbits   0x000fba       data     extern E:\c18v3.46\pic18-lt\cxx-framework\src\traditional\proc\p18f4620.asm
                    CCPR2   0x000fbb       data     extern E:\c18v3.46\pic18-lt\cxx-framework\src\traditional\proc\p18f4620.asm
                   CCPR2L   0x000fbb       data     extern E:\c18v3.46\pic18-lt\cxx-framework\src\traditional\proc\p18f4620.asm
                   CCPR2H   0x000fbc       data     extern E:\c18v3.46\pic18-lt\cxx-framework\src\traditional\proc\p18f4620.asm
                  CCP1CON   0x000fbd       data     extern E:\c18v3.46\pic18-lt\cxx-framework\src\traditional\proc\p18f4620.asm
              CCP1CONbits   0x000fbd       data     extern E:\c18v3.46\pic18-lt\cxx-framework\src\traditional\proc\p18f4620.asm
                   CCPR1L   0x000fbe       data     extern E:\c18v3.46\pic18-lt\cxx-framework\src\traditional\proc\p18f4620.asm
                    CCPR1   0x000fbe       data     extern E:\c18v3.46\pic18-lt\cxx-framework\src\traditional\proc\p18f4620.asm
                   CCPR1H   0x000fbf       data     extern E:\c18v3.46\pic18-lt\cxx-framework\src\traditional\proc\p18f4620.asm
                   ADCON2   0x000fc0       data     extern E:\c18v3.46\pic18-lt\cxx-framework\src\traditional\proc\p18f4620.asm
               ADCON2bits   0x000fc0       data     extern E:\c18v3.46\pic18-lt\cxx-framework\src\traditional\proc\p18f4620.asm
                   ADCON1   0x000fc1       data     extern E:\c18v3.46\pic18-lt\cxx-framework\src\traditional\proc\p18f4620.asm
               ADCON1bits   0x000fc1       data     extern E:\c18v3.46\pic18-lt\cxx-framework\src\traditional\proc\p18f4620.asm
                   ADCON0   0x000fc2       data     extern E:\c18v3.46\pic18-lt\cxx-framework\src\traditional\proc\p18f4620.asm
               ADCON0bits   0x000fc2       data     extern E:\c18v3.46\pic18-lt\cxx-framework\src\traditional\proc\p18f4620.asm
                    ADRES   0x000fc3       data     extern E:\c18v3.46\pic18-lt\cxx-framework\src\traditional\proc\p18f4620.asm
                   ADRESL   0x000fc3       data     extern E:\c18v3.46\pic18-lt\cxx-framework\src\traditional\proc\p18f4620.asm
                   ADRESH   0x000fc4       data     extern E:\c18v3.46\pic18-lt\cxx-framework\src\traditional\proc\p18f4620.asm
                  SSPCON2   0x000fc5       data     extern E:\c18v3.46\pic18-lt\cxx-framework\src\traditional\proc\p18f4620.asm
              SSPCON2bits   0x000fc5       data     extern E:\c18v3.46\pic18-lt\cxx-framework\src\traditional\proc\p18f4620.asm
                  SSPCON1   0x000fc6       data     extern E:\c18v3.46\pic18-lt\cxx-framework\src\traditional\proc\p18f4620.asm
              SSPCON1bits   0x000fc6       data     extern E:\c18v3.46\pic18-lt\cxx-framework\src\traditional\proc\p18f4620.asm
                  SSPSTAT   0x000fc7       data     extern E:\c18v3.46\pic18-lt\cxx-framework\src\traditional\proc\p18f4620.asm
              SSPSTATbits   0x000fc7       data     extern E:\c18v3.46\pic18-lt\cxx-framework\src\traditional\proc\p18f4620.asm
                   SSPADD   0x000fc8       data     extern E:\c18v3.46\pic18-lt\cxx-framework\src\traditional\proc\p18f4620.asm
                   SSPBUF   0x000fc9       data     extern E:\c18v3.46\pic18-lt\cxx-framework\src\traditional\proc\p18f4620.asm
                    T2CON   0x000fca       data     extern E:\c18v3.46\pic18-lt\cxx-framework\src\traditional\proc\p18f4620.asm
                T2CONbits   0x000fca       data     extern E:\c18v3.46\pic18-lt\cxx-framework\src\traditional\proc\p18f4620.asm
                      PR2   0x000fcb       data     extern E:\c18v3.46\pic18-lt\cxx-framework\src\traditional\proc\p18f4620.asm
                     TMR2   0x000fcc       data     extern E:\c18v3.46\pic18-lt\cxx-framework\src\traditional\proc\p18f4620.asm
                    T1CON   0x000fcd       data     extern E:\c18v3.46\pic18-lt\cxx-framework\src\traditional\proc\p18f4620.asm
                T1CONbits   0x000fcd       data     extern E:\c18v3.46\pic18-lt\cxx-framework\src\traditional\proc\p18f4620.asm
                    TMR1L   0x000fce       data     extern E:\c18v3.46\pic18-lt\cxx-framework\src\traditional\proc\p18f4620.asm
                    TMR1H   0x000fcf       data     extern E:\c18v3.46\pic18-lt\cxx-framework\src\traditional\proc\p18f4620.asm
                     RCON   0x000fd0       data     extern E:\c18v3.46\pic18-lt\cxx-framework\src\traditional\proc\p18f4620.asm
                 RCONbits   0x000fd0       data     extern E:\c18v3.46\pic18-lt\cxx-framework\src\traditional\proc\p18f4620.asm
               WDTCONbits   0x000fd1       data     extern E:\c18v3.46\pic18-lt\cxx-framework\src\traditional\proc\p18f4620.asm
                   WDTCON   0x000fd1       data     extern E:\c18v3.46\pic18-lt\cxx-framework\src\traditional\proc\p18f4620.asm
               LVDCONbits   0x000fd2       data     extern E:\c18v3.46\pic18-lt\cxx-framework\src\traditional\proc\p18f4620.asm
                   LVDCON   0x000fd2       data     extern E:\c18v3.46\pic18-lt\cxx-framework\src\traditional\proc\p18f4620.asm
              HLVDCONbits   0x000fd2       data     extern E:\c18v3.46\pic18-lt\cxx-framework\src\traditional\proc\p18f4620.asm
                  HLVDCON   0x000fd2       data     extern E:\c18v3.46\pic18-lt\cxx-framework\src\traditional\proc\p18f4620.asm
               OSCCONbits   0x000fd3       data     extern E:\c18v3.46\pic18-lt\cxx-framework\src\traditional\proc\p18f4620.asm
                   OSCCON   0x000fd3       data     extern E:\c18v3.46\pic18-lt\cxx-framework\src\traditional\proc\p18f4620.asm
                    T0CON   0x000fd5       data     extern E:\c18v3.46\pic18-lt\cxx-framework\src\traditional\proc\p18f4620.asm
                T0CONbits   0x000fd5       data     extern E:\c18v3.46\pic18-lt\cxx-framework\src\traditional\proc\p18f4620.asm
                    TMR0L   0x000fd6       data     extern E:\c18v3.46\pic18-lt\cxx-framework\src\traditional\proc\p18f4620.asm
                    TMR0H   0x000fd7       data     extern E:\c18v3.46\pic18-lt\cxx-framework\src\traditional\proc\p18f4620.asm
               STATUSbits   0x000fd8       data     extern E:\c18v3.46\pic18-lt\cxx-framework\src\traditional\proc\p18f4620.asm
                   STATUS   0x000fd8       data     extern E:\c18v3.46\pic18-lt\cxx-framework\src\traditional\proc\p18f4620.asm
                    FSR2L   0x000fd9       data     extern E:\c18v3.46\pic18-lt\cxx-framework\src\traditional\proc\p18f4620.asm
                     FSR2   0x000fd9       data     extern E:\c18v3.46\pic18-lt\cxx-framework\src\traditional\proc\p18f4620.asm
                    FSR2H   0x000fda       data     extern E:\c18v3.46\pic18-lt\cxx-framework\src\traditional\proc\p18f4620.asm
                   PLUSW2   0x000fdb       data     extern E:\c18v3.46\pic18-lt\cxx-framework\src\traditional\proc\p18f4620.asm
                  PREINC2   0x000fdc       data     extern E:\c18v3.46\pic18-lt\cxx-framework\src\traditional\proc\p18f4620.asm
                 POSTDEC2   0x000fdd       data     extern E:\c18v3.46\pic18-lt\cxx-framework\src\traditional\proc\p18f4620.asm
                 POSTINC2   0x000fde       data     extern E:\c18v3.46\pic18-lt\cxx-framework\src\traditional\proc\p18f4620.asm
                    INDF2   0x000fdf       data     extern E:\c18v3.46\pic18-lt\cxx-framework\src\traditional\proc\p18f4620.asm
                      BSR   0x000fe0       data     extern E:\c18v3.46\pic18-lt\cxx-framework\src\traditional\proc\p18f4620.asm
                    FSR1L   0x000fe1       data     extern E:\c18v3.46\pic18-lt\cxx-framework\src\traditional\proc\p18f4620.asm
                     FSR1   0x000fe1       data     extern E:\c18v3.46\pic18-lt\cxx-framework\src\traditional\proc\p18f4620.asm
                    FSR1H   0x000fe2       data     extern E:\c18v3.46\pic18-lt\cxx-framework\src\traditional\proc\p18f4620.asm
                   PLUSW1   0x000fe3       data     extern E:\c18v3.46\pic18-lt\cxx-framework\src\traditional\proc\p18f4620.asm
                  PREINC1   0x000fe4       data     extern E:\c18v3.46\pic18-lt\cxx-framework\src\traditional\proc\p18f4620.asm
                 POSTDEC1   0x000fe5       data     extern E:\c18v3.46\pic18-lt\cxx-framework\src\traditional\proc\p18f4620.asm
                 POSTINC1   0x000fe6       data     extern E:\c18v3.46\pic18-lt\cxx-framework\src\traditional\proc\p18f4620.asm
                    INDF1   0x000fe7       data     extern E:\c18v3.46\pic18-lt\cxx-framework\src\traditional\proc\p18f4620.asm
                        W   0x000fe8       data     extern E:\c18v3.46\pic18-lt\cxx-framework\src\traditional\proc\p18f4620.asm
                     WREG   0x000fe8       data     extern E:\c18v3.46\pic18-lt\cxx-framework\src\traditional\proc\p18f4620.asm
                     FSR0   0x000fe9       data     extern E:\c18v3.46\pic18-lt\cxx-framework\src\traditional\proc\p18f4620.asm
                    FSR0L   0x000fe9       data     extern E:\c18v3.46\pic18-lt\cxx-framework\src\traditional\proc\p18f4620.asm
                    FSR0H   0x000fea       data     extern E:\c18v3.46\pic18-lt\cxx-framework\src\traditional\proc\p18f4620.asm
                   PLUSW0   0x000feb       data     extern E:\c18v3.46\pic18-lt\cxx-framework\src\traditional\proc\p18f4620.asm
                  PREINC0   0x000fec       data     extern E:\c18v3.46\pic18-lt\cxx-framework\src\traditional\proc\p18f4620.asm
                 POSTDEC0   0x000fed       data     extern E:\c18v3.46\pic18-lt\cxx-framework\src\traditional\proc\p18f4620.asm
                 POSTINC0   0x000fee       data     extern E:\c18v3.46\pic18-lt\cxx-framework\src\traditional\proc\p18f4620.asm
                    INDF0   0x000fef       data     extern E:\c18v3.46\pic18-lt\cxx-framework\src\traditional\proc\p18f4620.asm
              INTCON3bits   0x000ff0       data     extern E:\c18v3.46\pic18-lt\cxx-framework\src\traditional\proc\p18f4620.asm
                  INTCON3   0x000ff0       data     extern E:\c18v3.46\pic18-lt\cxx-framework\src\traditional\proc\p18f4620.asm
              INTCON2bits   0x000ff1       data     extern E:\c18v3.46\pic18-lt\cxx-framework\src\traditional\proc\p18f4620.asm
                  INTCON2   0x000ff1       data     extern E:\c18v3.46\pic18-lt\cxx-framework\src\traditional\proc\p18f4620.asm
               INTCONbits   0x000ff2       data     extern E:\c18v3.46\pic18-lt\cxx-framework\src\traditional\proc\p18f4620.asm
                   INTCON   0x000ff2       data     extern E:\c18v3.46\pic18-lt\cxx-framework\src\traditional\proc\p18f4620.asm
                     PROD   0x000ff3       data     extern E:\c18v3.46\pic18-lt\cxx-framework\src\traditional\proc\p18f4620.asm
                    PRODL   0x000ff3       data     extern E:\c18v3.46\pic18-lt\cxx-framework\src\traditional\proc\p18f4620.asm
                    PRODH   0x000ff4       data     extern E:\c18v3.46\pic18-lt\cxx-framework\src\traditional\proc\p18f4620.asm
                   TABLAT   0x000ff5       data     extern E:\c18v3.46\pic18-lt\cxx-framework\src\traditional\proc\p18f4620.asm
                  TBLPTRL   0x000ff6       data     extern E:\c18v3.46\pic18-lt\cxx-framework\src\traditional\proc\p18f4620.asm
                   TBLPTR   0x000ff6       data     extern E:\c18v3.46\pic18-lt\cxx-framework\src\traditional\proc\p18f4620.asm
                  TBLPTRH   0x000ff7       data     extern E:\c18v3.46\pic18-lt\cxx-framework\src\traditional\proc\p18f4620.asm
                  TBLPTRU   0x000ff8       data     extern E:\c18v3.46\pic18-lt\cxx-framework\src\traditional\proc\p18f4620.asm
                      PCL   0x000ff9       data     extern E:\c18v3.46\pic18-lt\cxx-framework\src\traditional\proc\p18f4620.asm
                       PC   0x000ff9       data     extern E:\c18v3.46\pic18-lt\cxx-framework\src\traditional\proc\p18f4620.asm
                   PCLATH   0x000ffa       data     extern E:\c18v3.46\pic18-lt\cxx-framework\src\traditional\proc\p18f4620.asm
                   PCLATU   0x000ffb       data     extern E:\c18v3.46\pic18-lt\cxx-framework\src\traditional\proc\p18f4620.asm
                   STKPTR   0x000ffc       data     extern E:\c18v3.46\pic18-lt\cxx-framework\src\traditional\proc\p18f4620.asm
               STKPTRbits   0x000ffc       data     extern E:\c18v3.46\pic18-lt\cxx-framework\src\traditional\proc\p18f4620.asm
                     TOSL   0x000ffd       data     extern E:\c18v3.46\pic18-lt\cxx-framework\src\traditional\proc\p18f4620.asm
                      TOS   0x000ffd       data     extern E:\c18v3.46\pic18-lt\cxx-framework\src\traditional\proc\p18f4620.asm
                     TOSH   0x000ffe       data     extern E:\c18v3.46\pic18-lt\cxx-framework\src\traditional\proc\p18f4620.asm
                     TOSU   0x000fff       data     extern E:\c18v3.46\pic18-lt\cxx-framework\src\traditional\proc\p18f4620.asm


